Archive member included to satisfy reference by file (symbol)

..\src\config\default\X2CCode\X2CModel\Library\Control\Controller\lib\libCortexM4-ATSAM_Control.a(PILimit_FiP16.o)
                              build/default/debug/_ext/546984198/X2C.o (PILimit_FiP16_Update)
..\src\config\default\X2CCode\X2CModel\Library\Control\Controller\lib\libCortexM4-ATSAM_Control.a(PI_FiP16.o)
                              build/default/debug/_ext/546984198/X2C.o (PI_FiP16_Update)
..\src\config\default\X2CCode\X2CModel\Library\General\Controller\lib\libCortexM4-ATSAM_General.a(AutoSwitch_FiP16.o)
                              build/default/debug/_ext/546984198/X2C.o (AutoSwitch_FiP16_Update)
..\src\config\default\X2CCode\X2CModel\Library\General\Controller\lib\libCortexM4-ATSAM_General.a(Constant_Bool.o)
                              build/default/debug/_ext/546984198/X2C.o (Constant_Bool_Init)
..\src\config\default\X2CCode\X2CModel\Library\General\Controller\lib\libCortexM4-ATSAM_General.a(Constant_FiP16.o)
                              build/default/debug/_ext/546984198/X2C.o (Constant_FiP16_Init)
..\src\config\default\X2CCode\X2CModel\Library\General\Controller\lib\libCortexM4-ATSAM_General.a(Constant_Float32.o)
                              build/default/debug/_ext/546984198/X2C.o (Constant_Float32_Init)
..\src\config\default\X2CCode\X2CModel\Library\General\Controller\lib\libCortexM4-ATSAM_General.a(Gain_FiP16.o)
                              build/default/debug/_ext/546984198/X2C.o (Gain_FiP16_Update)
..\src\config\default\X2CCode\X2CModel\Library\General\Controller\lib\libCortexM4-ATSAM_General.a(Gain_Float32.o)
                              build/default/debug/_ext/546984198/X2C.o (Gain_Float32_Update)
..\src\config\default\X2CCode\X2CModel\Library\General\Controller\lib\libCortexM4-ATSAM_General.a(Int2Real_FiP16_Float32.o)
                              build/default/debug/_ext/546984198/X2C.o (Int2Real_FiP16_Float32_Update)
..\src\config\default\X2CCode\X2CModel\Library\General\Controller\lib\libCortexM4-ATSAM_General.a(LookupTable_FiP16.o)
                              build/default/debug/_ext/546984198/X2C.o (LookupTable_FiP16_Update)
..\src\config\default\X2CCode\X2CModel\Library\General\Controller\lib\libCortexM4-ATSAM_General.a(ManualSwitch_Bool.o)
                              build/default/debug/_ext/546984198/X2C.o (ManualSwitch_Bool_Update)
..\src\config\default\X2CCode\X2CModel\Library\General\Controller\lib\libCortexM4-ATSAM_General.a(ManualSwitch_FiP16.o)
                              build/default/debug/_ext/546984198/X2C.o (ManualSwitch_FiP16_Update)
..\src\config\default\X2CCode\X2CModel\Library\General\Controller\lib\libCortexM4-ATSAM_General.a(Not_Bool.o)
                              build/default/debug/_ext/546984198/X2C.o (Not_Bool_Update)
..\src\config\default\X2CCode\X2CModel\Library\General\Controller\lib\libCortexM4-ATSAM_General.a(RateLimiter_FiP16.o)
                              build/default/debug/_ext/546984198/X2C.o (RateLimiter_FiP16_Update)
..\src\config\default\X2CCode\X2CModel\Library\General\Controller\lib\libCortexM4-ATSAM_General.a(Real2Int_Float32_FiP8.o)
                              build/default/debug/_ext/546984198/X2C.o (Real2Int_Float32_FiP8_Update)
..\src\config\default\X2CCode\X2CModel\Library\General\Controller\lib\libCortexM4-ATSAM_General.a(Saturation_FiP16.o)
                              build/default/debug/_ext/546984198/X2C.o (Saturation_FiP16_Update)
..\src\config\default\X2CCode\X2CModel\Library\General\Controller\lib\libCortexM4-ATSAM_General.a(SaveSignal_Float32.o)
                              build/default/debug/_ext/546984198/X2C.o (SaveSignal_Float32_Init)
..\src\config\default\X2CCode\X2CModel\Library\General\Controller\lib\libCortexM4-ATSAM_General.a(Selector_FiP16.o)
                              build/default/debug/_ext/546984198/X2C.o (Selector_FiP16_Update)
..\src\config\default\X2CCode\X2CModel\Library\General\Controller\lib\libCortexM4-ATSAM_General.a(Sequencer_FiP16.o)
                              build/default/debug/_ext/546984198/X2C.o (Sequencer_FiP16_Update)
..\src\config\default\X2CCode\X2CModel\Library\General\Controller\lib\libCortexM4-ATSAM_General.a(SinGen_FiP16.o)
                              build/default/debug/_ext/546984198/X2C.o (SinGen_FiP16_Update)
..\src\config\default\X2CCode\X2CModel\Library\General\Controller\lib\libCortexM4-ATSAM_General.a(TypeConv_Bool_FiP16.o)
                              build/default/debug/_ext/546984198/X2C.o (TypeConv_Bool_FiP16_Update)
..\src\config\default\X2CCode\X2CModel\Library\General\Controller\lib\libCortexM4-ATSAM_General.a(TypeConv_FiP16_Bool.o)
                              build/default/debug/_ext/546984198/X2C.o (TypeConv_FiP16_Bool_Update)
..\src\config\default\X2CCode\X2CModel\Library\Math\Controller\lib\libCortexM4-ATSAM_Math.a(Abs_FiP16.o)
                              build/default/debug/_ext/546984198/X2C.o (Abs_FiP16_Update)
[...]
Memory Configuration

Name             Origin             Length             Attributes
rom              0x00000000         0x00100000         xrl
ram              0x20000000         0x00040000         xw !r
tcm              0x03000000         0x00000000         xw
bkupram          0x47000000         0x00002000
config_00804000  0x00804000         0x00000004
config_00804004  0x00804004         0x00000004
config_00804008  0x00804008         0x00000004
*default*        0x00000000         0xffffffff

Linker script and memory map

LOAD c:/program files/microchip/xc32/v4.35/bin/bin/../../lib/gcc/pic32c/8.3.1/thumb/v7e-m+fp/hard/crti.o
LOAD c:/program files/microchip/xc32/v4.35/bin/bin/../../lib/gcc/pic32c/8.3.1/thumb/v7e-m+fp/hard/crtbegin.o
LOAD build/default/debug/_ext/1434821282/bsp.o
LOAD build/default/debug/_ext/60163342/plib_adc0.o
LOAD build/default/debug/_ext/60163342/plib_adc1.o
LOAD build/default/debug/_ext/1984496892/plib_clock.o
LOAD build/default/debug/_ext/1865131932/plib_cmcc.o
LOAD build/default/debug/_ext/60167341/plib_eic.o
LOAD build/default/debug/_ext/1986646378/plib_evsys.o
LOAD build/default/debug/_ext/1865468468/plib_nvic.o
LOAD build/default/debug/_ext/1593096446/plib_nvmctrl.o
LOAD build/default/debug/_ext/1865510628/plib_pdec.o
LOAD build/default/debug/_ext/1865521619/plib_port.o
LOAD build/default/debug/_ext/504274921/plib_sercom2_usart.o
LOAD build/default/debug/_ext/60181570/plib_tcc0.o
LOAD build/default/debug/_ext/163028504/xc32_monitor.o
LOAD build/default/debug/_ext/1455229975/Atan_Data.o
LOAD build/default/debug/_ext/1455229975/CommonFcts.o
LOAD build/default/debug/_ext/1455229975/Exp_Data.o
LOAD build/default/debug/_ext/1455229975/Sin2_Data.o
LOAD build/default/debug/_ext/1455229975/Sin_Data.o
LOAD build/default/debug/_ext/1455229975/Sqrt_Data.o
LOAD build/default/debug/_ext/1455229975/TableStruct.o
LOAD build/default/debug/_ext/309582698/CRC8CCITT.o
LOAD build/default/debug/_ext/2032521757/SerialGeneric.o
LOAD build/default/debug/_ext/1371241226/LNet.o
LOAD build/default/debug/_ext/630304036/BlockServices.o
LOAD build/default/debug/_ext/630304036/Services.o
LOAD build/default/debug/_ext/546984198/CommunicationUart.o
LOAD build/default/debug/_ext/546984198/ConfigX2C.o
LOAD build/default/debug/_ext/546984198/FlashTable.o
LOAD build/default/debug/_ext/546984198/PortConfigX2C.o
LOAD build/default/debug/_ext/546984198/RamTable.o
LOAD build/default/debug/_ext/546984198/Scope_Main.o
LOAD build/default/debug/_ext/546984198/X2C.o
LOAD build/default/debug/_ext/1171490990/startup_xc32.o
LOAD build/default/debug/_ext/1171490990/initialization.o
LOAD build/default/debug/_ext/1171490990/interrupts.o
LOAD build/default/debug/_ext/1171490990/exceptions.o
LOAD build/default/debug/_ext/1171490990/libc_syscalls.o
LOAD build/default/debug/_ext/1360937237/main.o
LOAD ..\src\config\default\X2CCode\X2CModel\Library\Control\Controller\lib\libCortexM4-ATSAM_Control.a
LOAD ..\src\config\default\X2CCode\X2CModel\Library\General\Controller\lib\libCortexM4-ATSAM_General.a
LOAD ..\src\config\default\X2CCode\X2CModel\Library\Math\Controller\lib\libCortexM4-ATSAM_Math.a
LOAD ..\src\config\default\X2CCode\X2CModel\Library\MCHP\Controller\lib\libCortexM4-ATSAM_MCHP.a
                0x00000001                __MPLAB_BUILD = 0x1
                0x00100000                __rom_end = (ORIGIN (rom) + LENGTH (rom))
                0x20040000                __ram_end = (ORIGIN (ram) + LENGTH (ram))

.config_00804000
                0x00804000        0x4
 *(.config_00804000)
 .config_00804000
                0x00804000        0x4 build/default/debug/_ext/1171490990/initialization.o
                0x00804000                __config_00804000

.config_00804004
                0x00804004        0x4
 *(.config_00804004)
 .config_00804004
                0x00804004        0x4 build/default/debug/_ext/1171490990/initialization.o
                0x00804004                __config_00804004

.config_00804008
                0x00804008        0x4
 *(.config_00804008)
 .config_00804008
                0x00804008        0x4 build/default/debug/_ext/1171490990/initialization.o
                0x00804008                __config_00804008

.vectors        0x00000000      0x264
                0x00000000                . = ALIGN (0x4)
                0x00000000                _sfixed = .
 *(.vectors .vectors.* .vectors_default .vectors_default.*)
 .vectors       0x00000000      0x264 build/default/debug/_ext/1171490990/interrupts.o
                0x00000000                exception_table
 *(.isr_vector)
 *(.reset*)
 *(.after_vectors)

.text           0x00000264       0x20
                0x00000264                . = ALIGN (0x4)
 *(.glue_7t)
 .glue_7t       0x00000264        0x0 linker stubs
 *(.glue_7)
 .glue_7        0x00000264        0x0 linker stubs
 *(.gnu.linkonce.r.*)
 *(.ARM.extab* .gnu.linkonce.armextab.*)
 .ARM.extab     0x00000264        0x0 c:/program files/microchip/xc32/v4.35/bin/bin/../../lib/gcc/pic32c/8.3.1/thumb/v7e-m+fp/hard\libgcc.a(_udivmoddi4.o)
                0x00000264                . = ALIGN (0x4)
 *(.init)
 .init          0x00000264        0x4 c:/program files/microchip/xc32/v4.35/bin/bin/../../lib/gcc/pic32c/8.3.1/thumb/v7e-m+fp/hard/crti.o
                0x00000264                _init
 .init          0x00000268        0x8 c:/program files/microchip/xc32/v4.35/bin/bin/../../lib/gcc/pic32c/8.3.1/thumb/v7e-m+fp/hard/crtn.o
                0x00000270                . = ALIGN (0x4)
                0x00000270                __preinit_array_start = .
 *(.preinit_array)
                0x00000270                __preinit_array_end = .
                0x00000270                . = ALIGN (0x4)
                0x00000270                __init_array_start = .
 *(SORT_BY_NAME(.init_array.*))
 *(.init_array)
 .init_array    0x00000270        0x4 c:/program files/microchip/xc32/v4.35/bin/bin/../../lib/gcc/pic32c/8.3.1/thumb/v7e-m+fp/hard/crtbegin.o
                0x00000274                __init_array_end = .
                0x00000274                . = ALIGN (0x4)
 *crtbegin.o(.ctors)
 *(EXCLUDE_FILE(*crtend.o) .ctors)
 *(SORT_BY_NAME(.ctors.*))
 *crtend.o(.ctors)
                0x00000274                . = ALIGN (0x4)
 *(.fini)
 .fini          0x00000274        0x4 c:/program files/microchip/xc32/v4.35/bin/bin/../../lib/gcc/pic32c/8.3.1/thumb/v7e-m+fp/hard/crti.o
                0x00000274                _fini
 .fini          0x00000278        0x8 c:/program files/microchip/xc32/v4.35/bin/bin/../../lib/gcc/pic32c/8.3.1/thumb/v7e-m+fp/hard/crtn.o
                0x00000280                . = ALIGN (0x4)
                0x00000280                __fini_array_start = .
 *(.fini_array)
 .fini_array    0x00000280        0x4 c:/program files/microchip/xc32/v4.35/bin/bin/../../lib/gcc/pic32c/8.3.1/thumb/v7e-m+fp/hard/crtbegin.o
 *(SORT_BY_NAME(.fini_array.*))
                0x00000284                __fini_array_end = .
 *crtbegin.o(.dtors)
 *(EXCLUDE_FILE(*crtend.o) .dtors)
 *(SORT_BY_NAME(.dtors.*))
 *crtend.o(.dtors)
                0x00000284                . = ALIGN (0x4)
                0x00000284                _efixed = .
                [!provide]                PROVIDE (__exidx_start = .)

.ARM.exidx      0x00000284        0x8
 *(.ARM.exidx* .gnu.linkonce.armexidx.*)
 .ARM.exidx     0x00000284        0x8 c:/program files/microchip/xc32/v4.35/bin/bin/../../lib/gcc/pic32c/8.3.1/thumb/v7e-m+fp/hard\libgcc.a(_udivmoddi4.o)
                [!provide]                PROVIDE (__exidx_end = .)
                0x0000028c                . = ALIGN (0x4)
                0x0000028c                _etext = .

.bss            0x20000000        0x0
                0x20000000                . = ALIGN (0x4)
                0x20000000                __bss_start__ = .
                0x20000000                _sbss = .
                0x20000000                _szero = .
 *(COMMON)
                0x20000000                . = ALIGN (0x4)
                0x20000000                __bss_end__ = .
                0x20000000                _ebss = .
                0x20000000                _ezero = .
                0x20000000                . = ALIGN (0x4)
                0x20000000                _end = .
                0x2003ffff                _ram_end_ = ((ORIGIN (ram) + LENGTH (ram)) - 0x1)

.bkupram_bss
 *(.bkupram_bss .bkupram_bss.*)
 *(.pbss .pbss.*)
                0x00000001                __ICD2RAM = 0x1
                0x00000001                __MPLAB_DEBUG = 0x1
                0x00000001                __DEBUG = 0x1
                0x00000200                _min_heap_size = 0x200
START GROUP
LOAD c:/program files/microchip/xc32/v4.35/bin/bin/../../lib/gcc/pic32c/8.3.1/../../../../pic32c/lib/thumb/v7e-m+fp/hard\libpic32c.a
LOAD c:/program files/microchip/xc32/v4.35/bin/bin/../../lib/gcc/pic32c/8.3.1/../../../../pic32c/lib/thumb/v7e-m+fp/hard\libm-fast-emfloat.a
LOAD c:/program files/microchip/xc32/v4.35/bin/bin/../../lib/gcc/pic32c/8.3.1/../../../../pic32c/lib/thumb/v7e-m+fp/hard\libg-musl.a
LOAD c:/program files/microchip/xc32/v4.35/bin/bin/../../lib/gcc/pic32c/8.3.1/../../../../pic32c/lib/thumb/v7e-m+fp/hard\libc-musl.a
LOAD c:/program files/microchip/xc32/v4.35/bin/bin/../../lib/gcc/pic32c/8.3.1/../../../../pic32c/lib/thumb/v7e-m+fp/hard\libm-fast-emfloat.a
LOAD c:/program files/microchip/xc32/v4.35/bin/bin/../../lib/gcc/pic32c/8.3.1/thumb/v7e-m+fp/hard\libgcc.a
END GROUP
LOAD c:/program files/microchip/xc32/v4.35/bin/bin/../../lib/gcc/pic32c/8.3.1/thumb/v7e-m+fp/hard/crtend.o
LOAD c:/program files/microchip/xc32/v4.35/bin/bin/../../lib/gcc/pic32c/8.3.1/thumb/v7e-m+fp/hard/crtn.o
OUTPUT(dist/default/debug/Dyno.X.debug.elf elf32-littlearm)
LOAD data_init
LOAD stack

.ARM.attributes
                0x00000000       0x32
 .ARM.attributes
                0x00000000       0x1e c:/program files/microchip/xc32/v4.35/bin/bin/../../lib/gcc/pic32c/8.3.1/thumb/v7e-m+fp/hard/crti.o
 .ARM.attributes
                0x0000001e       0x34 c:/program files/microchip/xc32/v4.35/bin/bin/../../lib/gcc/pic32c/8.3.1/thumb/v7e-m+fp/hard/crtbegin.o
 .ARM.attributes
                0x00000052       0x34 build/default/debug/_ext/1434821282/bsp.o
 .ARM.attributes
                0x00000086       0x34 build/default/debug/_ext/60163342/plib_adc0.o
 .ARM.attributes
                0x000000ba       0x34 build/default/debug/_ext/60163342/plib_adc1.o
 .ARM.attributes
                0x000000ee       0x34 build/default/debug/_ext/1984496892/plib_clock.o
 .ARM.attributes
                0x00000122       0x34 build/default/debug/_ext/1865131932/plib_cmcc.o
 .ARM.attributes
                0x00000156       0x34 build/default/debug/_ext/60167341/plib_eic.o
 .ARM.attributes
                0x0000018a       0x34 build/default/debug/_ext/1986646378/plib_evsys.o
 .ARM.attributes
                0x000001be       0x34 build/default/debug/_ext/1865468468/plib_nvic.o
 .ARM.attributes
                0x000001f2       0x34 build/default/debug/_ext/1593096446/plib_nvmctrl.o
 .ARM.attributes
                0x00000226       0x34 build/default/debug/_ext/1865510628/plib_pdec.o
 .ARM.attributes
                0x0000025a       0x34 build/default/debug/_ext/1865521619/plib_port.o
 .ARM.attributes
                0x0000028e       0x34 build/default/debug/_ext/504274921/plib_sercom2_usart.o
 .ARM.attributes
                0x000002c2       0x34 build/default/debug/_ext/60181570/plib_tcc0.o
 .ARM.attributes
                0x000002f6       0x34 build/default/debug/_ext/163028504/xc32_monitor.o
 .ARM.attributes
                0x0000032a       0x39 build/default/debug/_ext/1455229975/Atan_Data.o
 .ARM.attributes
                0x00000363       0x34 build/default/debug/_ext/1455229975/CommonFcts.o
 .ARM.attributes
                0x00000397       0x39 build/default/debug/_ext/1455229975/Exp_Data.o
 .ARM.attributes
                0x000003d0       0x39 build/default/debug/_ext/1455229975/Sin2_Data.o
 .ARM.attributes
                0x00000409       0x39 build/default/debug/_ext/1455229975/Sin_Data.o
 .ARM.attributes
                0x00000442       0x39 build/default/debug/_ext/1455229975/Sqrt_Data.o
 .ARM.attributes
                0x0000047b       0x34 build/default/debug/_ext/1455229975/TableStruct.o
 .ARM.attributes
                0x000004af       0x34 build/default/debug/_ext/309582698/CRC8CCITT.o
 .ARM.attributes
                0x000004e3       0x34 build/default/debug/_ext/2032521757/SerialGeneric.o
 .ARM.attributes
                0x00000517       0x34 build/default/debug/_ext/1371241226/LNet.o
 .ARM.attributes
                0x0000054b       0x34 build/default/debug/_ext/630304036/BlockServices.o
 .ARM.attributes
                0x0000057f       0x34 build/default/debug/_ext/630304036/Services.o
 .ARM.attributes
                0x000005b3       0x34 build/default/debug/_ext/546984198/CommunicationUart.o
 .ARM.attributes
                0x000005e7       0x34 build/default/debug/_ext/546984198/ConfigX2C.o
 .ARM.attributes
                0x0000061b       0x39 build/default/debug/_ext/546984198/FlashTable.o
 .ARM.attributes
                0x00000654       0x34 build/default/debug/_ext/546984198/PortConfigX2C.o
 .ARM.attributes
                0x00000688       0x34 build/default/debug/_ext/546984198/RamTable.o
 .ARM.attributes
                0x000006bc       0x34 build/default/debug/_ext/546984198/Scope_Main.o
 .ARM.attributes
                0x000006f0       0x34 build/default/debug/_ext/546984198/X2C.o
 .ARM.attributes
                0x00000724       0x34 build/default/debug/_ext/1171490990/startup_xc32.o
 .ARM.attributes
                0x00000758       0x34 build/default/debug/_ext/1171490990/initialization.o
 .ARM.attributes
                0x0000078c       0x34 build/default/debug/_ext/1171490990/interrupts.o
 .ARM.attributes
                0x000007c0       0x34 build/default/debug/_ext/1171490990/exceptions.o
 .ARM.attributes
                0x000007f4       0x34 build/default/debug/_ext/1171490990/libc_syscalls.o
 .ARM.attributes
                0x00000828       0x34 build/default/debug/_ext/1360937237/main.o
 .ARM.attributes
                0x0000085c       0x39 ..\src\config\default\X2CCode\X2CModel\Library\Control\Controller\lib\libCortexM4-ATSAM_Control.a(PILimit_FiP16.o)
 .ARM.attributes
                0x00000895       0x39 ..\src\config\default\X2CCode\X2CModel\Library\Control\Controller\lib\libCortexM4-ATSAM_Control.a(PI_FiP16.o)
 .ARM.attributes
                0x000008ce       0x39 ..\src\config\default\X2CCode\X2CModel\Library\General\Controller\lib\libCortexM4-ATSAM_General.a(AutoSwitch_FiP16.o)
 .ARM.attributes
                0x00000907       0x39 ..\src\config\default\X2CCode\X2CModel\Library\General\Controller\lib\libCortexM4-ATSAM_General.a(Constant_Bool.o)
 .ARM.attributes
                0x00000940       0x39 ..\src\config\default\X2CCode\X2CModel\Library\General\Controller\lib\libCortexM4-ATSAM_General.a(Constant_FiP16.o)
 .ARM.attributes
                0x00000979       0x39 ..\src\config\default\X2CCode\X2CModel\Library\General\Controller\lib\libCortexM4-ATSAM_General.a(Constant_Float32.o)
 .ARM.attributes
                0x000009b2       0x39 ..\src\config\default\X2CCode\X2CModel\Library\General\Controller\lib\libCortexM4-ATSAM_General.a(Gain_FiP16.o)
 .ARM.attributes
                0x000009eb       0x39 ..\src\config\default\X2CCode\X2CModel\Library\General\Controller\lib\libCortexM4-ATSAM_General.a(Gain_Float32.o)
 .ARM.attributes
                0x00000a24       0x39 ..\src\config\default\X2CCode\X2CModel\Library\General\Controller\lib\libCortexM4-ATSAM_General.a(Int2Real_FiP16_Float32.o)
 .ARM.attributes
                0x00000a5d       0x39 ..\src\config\default\X2CCode\X2CModel\Library\General\Controller\lib\libCortexM4-ATSAM_General.a(LookupTable_FiP16.o)
 .ARM.attributes
                0x00000a96       0x39 ..\src\config\default\X2CCode\X2CModel\Library\General\Controller\lib\libCortexM4-ATSAM_General.a(ManualSwitch_Bool.o)
 .ARM.attributes
                0x00000acf       0x39 ..\src\config\default\X2CCode\X2CModel\Library\General\Controller\lib\libCortexM4-ATSAM_General.a(ManualSwitch_FiP16.o)
 .ARM.attributes
                0x00000b08       0x39 ..\src\config\default\X2CCode\X2CModel\Library\General\Controller\lib\libCortexM4-ATSAM_General.a(Not_Bool.o)
 .ARM.attributes
                0x00000b41       0x39 ..\src\config\default\X2CCode\X2CModel\Library\General\Controller\lib\libCortexM4-ATSAM_General.a(RateLimiter_FiP16.o)
 .ARM.attributes
                0x00000b7a       0x39 ..\src\config\default\X2CCode\X2CModel\Library\General\Controller\lib\libCortexM4-ATSAM_General.a(Real2Int_Float32_FiP8.o)
 .ARM.attributes
                0x00000bb3       0x39 ..\src\config\default\X2CCode\X2CModel\Library\General\Controller\lib\libCortexM4-ATSAM_General.a(Saturation_FiP16.o)
 .ARM.attributes
                0x00000bec       0x39 ..\src\config\default\X2CCode\X2CModel\Library\General\Controller\lib\libCortexM4-ATSAM_General.a(SaveSignal_Float32.o)
 .ARM.attributes
                0x00000c25       0x39 ..\src\config\default\X2CCode\X2CModel\Library\General\Controller\lib\libCortexM4-ATSAM_General.a(Selector_FiP16.o)
 .ARM.attributes
                0x00000c5e       0x39 ..\src\config\default\X2CCode\X2CModel\Library\General\Controller\lib\libCortexM4-ATSAM_General.a(Sequencer_FiP16.o)
 .ARM.attributes
                0x00000c97       0x39 ..\src\config\default\X2CCode\X2CModel\Library\General\Controller\lib\libCortexM4-ATSAM_General.a(SinGen_FiP16.o)
 .ARM.attributes
                0x00000cd0       0x39 ..\src\config\default\X2CCode\X2CModel\Library\General\Controller\lib\libCortexM4-ATSAM_General.a(TypeConv_Bool_FiP16.o)
 .ARM.attributes
                0x00000d09       0x39 ..\src\config\default\X2CCode\X2CModel\Library\General\Controller\lib\libCortexM4-ATSAM_General.a(TypeConv_FiP16_Bool.o)
 .ARM.attributes
                0x00000d42       0x39 ..\src\config\default\X2CCode\X2CModel\Library\Math\Controller\lib\libCortexM4-ATSAM_Math.a(Abs_FiP16.o)
 .ARM.attributes
                0x00000d7b       0x39 ..\src\config\default\X2CCode\X2CModel\Library\Math\Controller\lib\libCortexM4-ATSAM_Math.a(Add_FiP16.o)
 .ARM.attributes
                0x00000db4       0x39 ..\src\config\default\X2CCode\X2CModel\Library\Math\Controller\lib\libCortexM4-ATSAM_Math.a(Average_FiP16.o)
 .ARM.attributes
                0x00000ded       0x39 ..\src\config\default\X2CCode\X2CModel\Library\Math\Controller\lib\libCortexM4-ATSAM_Math.a(Mult_FiP16.o)
 .ARM.attributes
                0x00000e26       0x39 ..\src\config\default\X2CCode\X2CModel\Library\Math\Controller\lib\libCortexM4-ATSAM_Math.a(Mult_Float32.o)
 .ARM.attributes
                0x00000e5f       0x39 ..\src\config\default\X2CCode\X2CModel\Library\Math\Controller\lib\libCortexM4-ATSAM_Math.a(Negation_FiP16.o)
 .ARM.attributes
                0x00000e98       0x39 ..\src\config\default\X2CCode\X2CModel\Library\Math\Controller\lib\libCortexM4-ATSAM_Math.a(Sign_FiP16.o)
 .ARM.attributes
                0x00000ed1       0x39 ..\src\config\default\X2CCode\X2CModel\Library\Math\Controller\lib\libCortexM4-ATSAM_Math.a(Sub_FiP16.o)
 .ARM.attributes
                0x00000f0a       0x39 ..\src\config\default\X2CCode\X2CModel\Library\Math\Controller\lib\libCortexM4-ATSAM_Math.a(Sum_Float32.o)
 .ARM.attributes
                0x00000f43       0x39 ..\src\config\default\X2CCode\X2CModel\Library\Math\Controller\lib\libCortexM4-ATSAM_Math.a(uAdd_FiP16.o)
 .ARM.attributes
                0x00000f7c       0x39 ..\src\config\default\X2CCode\X2CModel\Library\MCHP\Controller\lib\libCortexM4-ATSAM_MCHP.a(Park_Clarke_inv_SVM_MCHP_FiP16.o)
 .ARM.attributes
                0x00000fb5       0x39 ..\src\config\default\X2CCode\X2CModel\Library\MCHP\Controller\lib\libCortexM4-ATSAM_MCHP.a(Clarke_Park_MCHP_FiP16.o)
 .ARM.attributes
                0x00000fee       0x34 c:/program files/microchip/xc32/v4.35/bin/bin/../../lib/gcc/pic32c/8.3.1/../../../../pic32c/lib/thumb/v7e-m+fp/hard\libpic32c.a(data_init.o)
 .ARM.attributes
                0x00001022       0x20 c:/program files/microchip/xc32/v4.35/bin/bin/../../lib/gcc/pic32c/8.3.1/../../../../pic32c/lib/thumb/v7e-m+fp/hard\libm-fast-emfloat.a(__aeabi_dmul.o)
 .ARM.attributes
                0x00001042       0x20 c:/program files/microchip/xc32/v4.35/bin/bin/../../lib/gcc/pic32c/8.3.1/../../../../pic32c/lib/thumb/v7e-m+fp/hard\libm-fast-emfloat.a(__aeabi_dcmple.o)
 .ARM.attributes
                0x00001062       0x20 c:/program files/microchip/xc32/v4.35/bin/bin/../../lib/gcc/pic32c/8.3.1/../../../../pic32c/lib/thumb/v7e-m+fp/hard\libm-fast-emfloat.a(__aeabi_dcmpge.o)
 .ARM.attributes
                0x00001082       0x20 c:/program files/microchip/xc32/v4.35/bin/bin/../../lib/gcc/pic32c/8.3.1/../../../../pic32c/lib/thumb/v7e-m+fp/hard\libm-fast-emfloat.a(__aeabi_dcmpgt.o)
 .ARM.attributes
                0x000010a2       0x20 c:/program files/microchip/xc32/v4.35/bin/bin/../../lib/gcc/pic32c/8.3.1/../../../../pic32c/lib/thumb/v7e-m+fp/hard\libm-fast-emfloat.a(__aeabi_dcmplt.o)
 .ARM.attributes
                0x000010c2       0x20 c:/program files/microchip/xc32/v4.35/bin/bin/../../lib/gcc/pic32c/8.3.1/../../../../pic32c/lib/thumb/v7e-m+fp/hard\libm-fast-emfloat.a(__aeabi_f2lz.o)
 .ARM.attributes
                0x000010e2       0x20 c:/program files/microchip/xc32/v4.35/bin/bin/../../lib/gcc/pic32c/8.3.1/../../../../pic32c/lib/thumb/v7e-m+fp/hard\libm-fast-emfloat.a(__aeabi_ui2d.o)
 .ARM.attributes
                0x00001102       0x20 c:/program files/microchip/xc32/v4.35/bin/bin/../../lib/gcc/pic32c/8.3.1/../../../../pic32c/lib/thumb/v7e-m+fp/hard\libm-fast-emfloat.a(__aeabi_f2d.o)
 .ARM.attributes
                0x00001122       0x20 c:/program files/microchip/xc32/v4.35/bin/bin/../../lib/gcc/pic32c/8.3.1/../../../../pic32c/lib/thumb/v7e-m+fp/hard\libm-fast-emfloat.a(__aeabi_d2f.o)
 .ARM.attributes
                0x00001142       0x36 c:/program files/microchip/xc32/v4.35/bin/bin/../../lib/gcc/pic32c/8.3.1/../../../../pic32c/lib/thumb/v7e-m+fp/hard\libg-musl.a(__libc_start_main.o)
 .ARM.attributes
                0x00001178       0x34 c:/program files/microchip/xc32/v4.35/bin/bin/../../lib/gcc/pic32c/8.3.1/../../../../pic32c/lib/thumb/v7e-m+fp/hard\libg-musl.a(libc.o)
 .ARM.attributes
                0x000011ac       0x36 c:/program files/microchip/xc32/v4.35/bin/bin/../../lib/gcc/pic32c/8.3.1/../../../../pic32c/lib/thumb/v7e-m+fp/hard\libg-musl.a(memcpy.o)
 .ARM.attributes
                0x000011e2       0x34 c:/program files/microchip/xc32/v4.35/bin/bin/../../lib/gcc/pic32c/8.3.1/../../../../pic32c/lib/thumb/v7e-m+fp/hard\libg-musl.a(__environ.o)
 .ARM.attributes
                0x00001216       0x1e c:/program files/microchip/xc32/v4.35/bin/bin/../../lib/gcc/pic32c/8.3.1/thumb/v7e-m+fp/hard\libgcc.a(_aeabi_ldivmod.o)
 .ARM.attributes
                0x00001234       0x1e c:/program files/microchip/xc32/v4.35/bin/bin/../../lib/gcc/pic32c/8.3.1/thumb/v7e-m+fp/hard\libgcc.a(_aeabi_uldivmod.o)
 .ARM.attributes
                0x00001252       0x34 c:/program files/microchip/xc32/v4.35/bin/bin/../../lib/gcc/pic32c/8.3.1/thumb/v7e-m+fp/hard\libgcc.a(_udivmoddi4.o)
 .ARM.attributes
                0x00001286       0x1e c:/program files/microchip/xc32/v4.35/bin/bin/../../lib/gcc/pic32c/8.3.1/thumb/v7e-m+fp/hard\libgcc.a(_dvmd_tls.o)
 .ARM.attributes
                0x000012a4       0x32 c:/program files/microchip/xc32/v4.35/bin/bin/../../lib/gcc/pic32c/8.3.1/thumb/v7e-m+fp/hard/crtend.o
 .ARM.attributes
                0x000012d6       0x1e c:/program files/microchip/xc32/v4.35/bin/bin/../../lib/gcc/pic32c/8.3.1/thumb/v7e-m+fp/hard/crtn.o
 .ARM.attributes
                0x000012f4       0x34 c:/program files/microchip/xc32/v4.35/bin/bin/../../lib/gcc/pic32c/8.3.1/../../../../pic32c/lib/thumb/v7e-m+fp/hard\libpic32c.a(pic32_data_init_clear.o)
 .ARM.attributes
                0x00001328       0x34 c:/program files/microchip/xc32/v4.35/bin/bin/../../lib/gcc/pic32c/8.3.1/../../../../pic32c/lib/thumb/v7e-m+fp/hard\libpic32c.a(pic32_data_init_copy.o)

.comment        0x00000000       0xa3
 .comment       0x00000000       0x2b c:/program files/microchip/xc32/v4.35/bin/bin/../../lib/gcc/pic32c/8.3.1/thumb/v7e-m+fp/hard/crtbegin.o
                                 0x2c (size before relaxing)
 .comment       0x0000002b       0x2c build/default/debug/_ext/1434821282/bsp.o
 .comment       0x0000002b       0x2c build/default/debug/_ext/60163342/plib_adc0.o
 .comment       0x0000002b       0x2c build/default/debug/_ext/60163342/plib_adc1.o
 .comment       0x0000002b       0x2c build/default/debug/_ext/1984496892/plib_clock.o
 .comment       0x0000002b       0x2c build/default/debug/_ext/1865131932/plib_cmcc.o
 .comment       0x0000002b       0x2c build/default/debug/_ext/60167341/plib_eic.o
 .comment       0x0000002b       0x2c build/default/debug/_ext/1986646378/plib_evsys.o
 .comment       0x0000002b       0x2c build/default/debug/_ext/1865468468/plib_nvic.o
 .comment       0x0000002b       0x2c build/default/debug/_ext/1593096446/plib_nvmctrl.o
 .comment       0x0000002b       0x2c build/default/debug/_ext/1865510628/plib_pdec.o
 .comment       0x0000002b       0x2c build/default/debug/_ext/1865521619/plib_port.o
 .comment       0x0000002b       0x2c build/default/debug/_ext/504274921/plib_sercom2_usart.o
 .comment       0x0000002b       0x2c build/default/debug/_ext/60181570/plib_tcc0.o
 .comment       0x0000002b       0x2c build/default/debug/_ext/163028504/xc32_monitor.o
 .comment       0x0000002b       0x2c build/default/debug/_ext/1455229975/Atan_Data.o
 .comment       0x0000002b       0x2c build/default/debug/_ext/1455229975/CommonFcts.o
 .comment       0x0000002b       0x2c build/default/debug/_ext/1455229975/Exp_Data.o
 .comment       0x0000002b       0x2c build/default/debug/_ext/1455229975/Sin2_Data.o
 .comment       0x0000002b       0x2c build/default/debug/_ext/1455229975/Sin_Data.o
 .comment       0x0000002b       0x2c build/default/debug/_ext/1455229975/Sqrt_Data.o
 .comment       0x0000002b       0x2c build/default/debug/_ext/1455229975/TableStruct.o
 .comment       0x0000002b       0x2c build/default/debug/_ext/309582698/CRC8CCITT.o
 .comment       0x0000002b       0x2c build/default/debug/_ext/2032521757/SerialGeneric.o
 .comment       0x0000002b       0x2c build/default/debug/_ext/1371241226/LNet.o
 .comment       0x0000002b       0x2c build/default/debug/_ext/630304036/BlockServices.o
 .comment       0x0000002b       0x2c build/default/debug/_ext/630304036/Services.o
 .comment       0x0000002b       0x2c build/default/debug/_ext/546984198/CommunicationUart.o
 .comment       0x0000002b       0x2c build/default/debug/_ext/546984198/ConfigX2C.o
 .comment       0x0000002b       0x2c build/default/debug/_ext/546984198/FlashTable.o
 .comment       0x0000002b       0x2c build/default/debug/_ext/546984198/PortConfigX2C.o
 .comment       0x0000002b       0x2c build/default/debug/_ext/546984198/RamTable.o
 .comment       0x0000002b       0x2c build/default/debug/_ext/546984198/Scope_Main.o
 .comment       0x0000002b       0x2c build/default/debug/_ext/546984198/X2C.o
 .comment       0x0000002b       0x2c build/default/debug/_ext/1171490990/startup_xc32.o
 .comment       0x0000002b       0x2c build/default/debug/_ext/1171490990/initialization.o
 .comment       0x0000002b       0x2c build/default/debug/_ext/1171490990/interrupts.o
 .comment       0x0000002b       0x2c build/default/debug/_ext/1171490990/exceptions.o
 .comment       0x0000002b       0x2c build/default/debug/_ext/1171490990/libc_syscalls.o
 .comment       0x0000002b       0x2c build/default/debug/_ext/1360937237/main.o
 .comment       0x0000002b       0x3c ..\src\config\default\X2CCode\X2CModel\Library\Control\Controller\lib\libCortexM4-ATSAM_Control.a(PILimit_FiP16.o)
                                 0x3d (size before relaxing)
 .comment       0x00000067       0x3d ..\src\config\default\X2CCode\X2CModel\Library\Control\Controller\lib\libCortexM4-ATSAM_Control.a(PI_FiP16.o)
 .comment       0x00000067       0x3d ..\src\config\default\X2CCode\X2CModel\Library\General\Controller\lib\libCortexM4-ATSAM_General.a(AutoSwitch_FiP16.o)
 .comment       0x00000067       0x3d ..\src\config\default\X2CCode\X2CModel\Library\General\Controller\lib\libCortexM4-ATSAM_General.a(Constant_Bool.o)
 .comment       0x00000067       0x3d ..\src\config\default\X2CCode\X2CModel\Library\General\Controller\lib\libCortexM4-ATSAM_General.a(Constant_FiP16.o)
 .comment       0x00000067       0x3d ..\src\config\default\X2CCode\X2CModel\Library\General\Controller\lib\libCortexM4-ATSAM_General.a(Constant_Float32.o)
 .comment       0x00000067       0x3d ..\src\config\default\X2CCode\X2CModel\Library\General\Controller\lib\libCortexM4-ATSAM_General.a(Gain_FiP16.o)
 .comment       0x00000067       0x3d ..\src\config\default\X2CCode\X2CModel\Library\General\Controller\lib\libCortexM4-ATSAM_General.a(Gain_Float32.o)
 .comment       0x00000067       0x3d ..\src\config\default\X2CCode\X2CModel\Library\General\Controller\lib\libCortexM4-ATSAM_General.a(Int2Real_FiP16_Float32.o)
 .comment       0x00000067       0x3d ..\src\config\default\X2CCode\X2CModel\Library\General\Controller\lib\libCortexM4-ATSAM_General.a(LookupTable_FiP16.o)
 .comment       0x00000067       0x3d ..\src\config\default\X2CCode\X2CModel\Library\General\Controller\lib\libCortexM4-ATSAM_General.a(ManualSwitch_Bool.o)
 .comment       0x00000067       0x3d ..\src\config\default\X2CCode\X2CModel\Library\General\Controller\lib\libCortexM4-ATSAM_General.a(ManualSwitch_FiP16.o)
 .comment       0x00000067       0x3d ..\src\config\default\X2CCode\X2CModel\Library\General\Controller\lib\libCortexM4-ATSAM_General.a(Not_Bool.o)
 .comment       0x00000067       0x3d ..\src\config\default\X2CCode\X2CModel\Library\General\Controller\lib\libCortexM4-ATSAM_General.a(RateLimiter_FiP16.o)
 .comment       0x00000067       0x3d ..\src\config\default\X2CCode\X2CModel\Library\General\Controller\lib\libCortexM4-ATSAM_General.a(Real2Int_Float32_FiP8.o)
 .comment       0x00000067       0x3d ..\src\config\default\X2CCode\X2CModel\Library\General\Controller\lib\libCortexM4-ATSAM_General.a(Saturation_FiP16.o)
 .comment       0x00000067       0x3d ..\src\config\default\X2CCode\X2CModel\Library\General\Controller\lib\libCortexM4-ATSAM_General.a(SaveSignal_Float32.o)
 .comment       0x00000067       0x3d ..\src\config\default\X2CCode\X2CModel\Library\General\Controller\lib\libCortexM4-ATSAM_General.a(Selector_FiP16.o)
 .comment       0x00000067       0x3d ..\src\config\default\X2CCode\X2CModel\Library\General\Controller\lib\libCortexM4-ATSAM_General.a(Sequencer_FiP16.o)
 .comment       0x00000067       0x3d ..\src\config\default\X2CCode\X2CModel\Library\General\Controller\lib\libCortexM4-ATSAM_General.a(SinGen_FiP16.o)
 .comment       0x00000067       0x3d ..\src\config\default\X2CCode\X2CModel\Library\General\Controller\lib\libCortexM4-ATSAM_General.a(TypeConv_Bool_FiP16.o)
 .comment       0x00000067       0x3d ..\src\config\default\X2CCode\X2CModel\Library\General\Controller\lib\libCortexM4-ATSAM_General.a(TypeConv_FiP16_Bool.o)
 .comment       0x00000067       0x3d ..\src\config\default\X2CCode\X2CModel\Library\Math\Controller\lib\libCortexM4-ATSAM_Math.a(Abs_FiP16.o)
 .comment       0x00000067       0x3d ..\src\config\default\X2CCode\X2CModel\Library\Math\Controller\lib\libCortexM4-ATSAM_Math.a(Add_FiP16.o)
 .comment       0x00000067       0x3d ..\src\config\default\X2CCode\X2CModel\Library\Math\Controller\lib\libCortexM4-ATSAM_Math.a(Average_FiP16.o)
 .comment       0x00000067       0x3d ..\src\config\default\X2CCode\X2CModel\Library\Math\Controller\lib\libCortexM4-ATSAM_Math.a(Mult_FiP16.o)
 .comment       0x00000067       0x3d ..\src\config\default\X2CCode\X2CModel\Library\Math\Controller\lib\libCortexM4-ATSAM_Math.a(Mult_Float32.o)
 .comment       0x00000067       0x3d ..\src\config\default\X2CCode\X2CModel\Library\Math\Controller\lib\libCortexM4-ATSAM_Math.a(Negation_FiP16.o)
 .comment       0x00000067       0x3d ..\src\config\default\X2CCode\X2CModel\Library\Math\Controller\lib\libCortexM4-ATSAM_Math.a(Sign_FiP16.o)
 .comment       0x00000067       0x3d ..\src\config\default\X2CCode\X2CModel\Library\Math\Controller\lib\libCortexM4-ATSAM_Math.a(Sub_FiP16.o)
 .comment       0x00000067       0x3d ..\src\config\default\X2CCode\X2CModel\Library\Math\Controller\lib\libCortexM4-ATSAM_Math.a(Sum_Float32.o)
 .comment       0x00000067       0x3d ..\src\config\default\X2CCode\X2CModel\Library\Math\Controller\lib\libCortexM4-ATSAM_Math.a(uAdd_FiP16.o)
 .comment       0x00000067       0x3c ..\src\config\default\X2CCode\X2CModel\Library\MCHP\Controller\lib\libCortexM4-ATSAM_MCHP.a(Park_Clarke_inv_SVM_MCHP_FiP16.o)
                                 0x3d (size before relaxing)
 .comment       0x000000a3       0x3d ..\src\config\default\X2CCode\X2CModel\Library\MCHP\Controller\lib\libCortexM4-ATSAM_MCHP.a(Clarke_Park_MCHP_FiP16.o)
 .comment       0x000000a3       0x2c c:/program files/microchip/xc32/v4.35/bin/bin/../../lib/gcc/pic32c/8.3.1/../../../../pic32c/lib/thumb/v7e-m+fp/hard\libpic32c.a(data_init.o)
 .comment       0x000000a3       0x2c c:/program files/microchip/xc32/v4.35/bin/bin/../../lib/gcc/pic32c/8.3.1/../../../../pic32c/lib/thumb/v7e-m+fp/hard\libg-musl.a(__libc_start_main.o)
 .comment       0x000000a3       0x2c c:/program files/microchip/xc32/v4.35/bin/bin/../../lib/gcc/pic32c/8.3.1/../../../../pic32c/lib/thumb/v7e-m+fp/hard\libg-musl.a(libc.o)
 .comment       0x000000a3       0x2c c:/program files/microchip/xc32/v4.35/bin/bin/../../lib/gcc/pic32c/8.3.1/../../../../pic32c/lib/thumb/v7e-m+fp/hard\libg-musl.a(memcpy.o)
 .comment       0x000000a3       0x2c c:/program files/microchip/xc32/v4.35/bin/bin/../../lib/gcc/pic32c/8.3.1/../../../../pic32c/lib/thumb/v7e-m+fp/hard\libg-musl.a(__environ.o)
 .comment       0x000000a3       0x2c c:/program files/microchip/xc32/v4.35/bin/bin/../../lib/gcc/pic32c/8.3.1/thumb/v7e-m+fp/hard\libgcc.a(_udivmoddi4.o)
 .comment       0x000000a3       0x2c c:/program files/microchip/xc32/v4.35/bin/bin/../../lib/gcc/pic32c/8.3.1/thumb/v7e-m+fp/hard/crtend.o
 .comment       0x000000a3       0x2c c:/program files/microchip/xc32/v4.35/bin/bin/../../lib/gcc/pic32c/8.3.1/../../../../pic32c/lib/thumb/v7e-m+fp/hard\libpic32c.a(pic32_data_init_clear.o)
 .comment       0x000000a3       0x2c c:/program files/microchip/xc32/v4.35/bin/bin/../../lib/gcc/pic32c/8.3.1/../../../../pic32c/lib/thumb/v7e-m+fp/hard\libpic32c.a(pic32_data_init_copy.o)

.debug_info     0x00000000    0x2410b
 .debug_info    0x00000000      0x2f3 build/default/debug/_ext/1434821282/bsp.o
 .debug_info    0x000002f3      0xe23 build/default/debug/_ext/60163342/plib_adc0.o
 .debug_info    0x00001116      0xd20 build/default/debug/_ext/60163342/plib_adc1.o
 .debug_info    0x00001e36      0xb57 build/default/debug/_ext/1984496892/plib_clock.o
 .debug_info    0x0000298d      0x52b build/default/debug/_ext/1865131932/plib_cmcc.o
 .debug_info    0x00002eb8      0x504 build/default/debug/_ext/60167341/plib_eic.o
 .debug_info    0x000033bc      0x73c build/default/debug/_ext/1986646378/plib_evsys.o
 .debug_info    0x00003af8     0x1483 build/default/debug/_ext/1865468468/plib_nvic.o
 .debug_info    0x00004f7b      0xe99 build/default/debug/_ext/1593096446/plib_nvmctrl.o
 .debug_info    0x00005e14      0x71c build/default/debug/_ext/1865510628/plib_pdec.o
 .debug_info    0x00006530     0x10c9 build/default/debug/_ext/1865521619/plib_port.o
 .debug_info    0x000075f9     0x15fc build/default/debug/_ext/504274921/plib_sercom2_usart.o
 .debug_info    0x00008bf5      0xa92 build/default/debug/_ext/60181570/plib_tcc0.o
 .debug_info    0x00009687      0x324 build/default/debug/_ext/163028504/xc32_monitor.o
 .debug_info    0x000099ab      0x434 build/default/debug/_ext/1455229975/Atan_Data.o
 .debug_info    0x00009ddf     0x13ee build/default/debug/_ext/1455229975/CommonFcts.o
 .debug_info    0x0000b1cd      0x430 build/default/debug/_ext/1455229975/Exp_Data.o
 .debug_info    0x0000b5fd      0x434 build/default/debug/_ext/1455229975/Sin2_Data.o
 .debug_info    0x0000ba31      0x50f build/default/debug/_ext/1455229975/Sin_Data.o
 .debug_info    0x0000bf40      0x4ab build/default/debug/_ext/1455229975/Sqrt_Data.o
 .debug_info    0x0000c3eb      0xf6f build/default/debug/_ext/1455229975/TableStruct.o
 .debug_info    0x0000d35a      0x4c9 build/default/debug/_ext/309582698/CRC8CCITT.o
 .debug_info    0x0000d823      0x6fa build/default/debug/_ext/2032521757/SerialGeneric.o
 .debug_info    0x0000df1d     0x1f4f build/default/debug/_ext/1371241226/LNet.o
 .debug_info    0x0000fe6c     0x1440 build/default/debug/_ext/630304036/BlockServices.o
 .debug_info    0x000112ac     0x1ef3 build/default/debug/_ext/630304036/Services.o
 .debug_info    0x0001319f      0x843 build/default/debug/_ext/546984198/CommunicationUart.o
 .debug_info    0x000139e2     0x15ce build/default/debug/_ext/546984198/ConfigX2C.o
 .debug_info    0x00014fb0      0x350 build/default/debug/_ext/546984198/FlashTable.o
 .debug_info    0x00015300     0x2e42 build/default/debug/_ext/546984198/PortConfigX2C.o
 .debug_info    0x00018142      0x3db build/default/debug/_ext/546984198/RamTable.o
 .debug_info    0x0001851d     0x1af8 build/default/debug/_ext/546984198/Scope_Main.o
 .debug_info    0x0001a015     0x4591 build/default/debug/_ext/546984198/X2C.o
 .debug_info    0x0001e5a6      0x897 build/default/debug/_ext/1171490990/startup_xc32.o
 .debug_info    0x0001ee3d      0x465 build/default/debug/_ext/1171490990/initialization.o
 .debug_info    0x0001f2a2     0x1712 build/default/debug/_ext/1171490990/interrupts.o
 .debug_info    0x000209b4      0x3ad build/default/debug/_ext/1171490990/exceptions.o
 .debug_info    0x00020d61      0x303 build/default/debug/_ext/1171490990/libc_syscalls.o
 .debug_info    0x00021064      0xf9c build/default/debug/_ext/1360937237/main.o
 .debug_info    0x00022000      0x2c3 c:/program files/microchip/xc32/v4.35/bin/bin/../../lib/gcc/pic32c/8.3.1/../../../../pic32c/lib/thumb/v7e-m+fp/hard\libpic32c.a(data_init.o)
 .debug_info    0x000222c3      0x620 c:/program files/microchip/xc32/v4.35/bin/bin/../../lib/gcc/pic32c/8.3.1/../../../../pic32c/lib/thumb/v7e-m+fp/hard\libg-musl.a(__libc_start_main.o)
 .debug_info    0x000228e3      0x532 c:/program files/microchip/xc32/v4.35/bin/bin/../../lib/gcc/pic32c/8.3.1/../../../../pic32c/lib/thumb/v7e-m+fp/hard\libg-musl.a(libc.o)
 .debug_info    0x00022e15      0x2f8 c:/program files/microchip/xc32/v4.35/bin/bin/../../lib/gcc/pic32c/8.3.1/../../../../pic32c/lib/thumb/v7e-m+fp/hard\libg-musl.a(memcpy.o)
 .debug_info    0x0002310d      0x2ac c:/program files/microchip/xc32/v4.35/bin/bin/../../lib/gcc/pic32c/8.3.1/../../../../pic32c/lib/thumb/v7e-m+fp/hard\libg-musl.a(__environ.o)
 .debug_info    0x000233b9       0x26 c:/program files/microchip/xc32/v4.35/bin/bin/../../lib/gcc/pic32c/8.3.1/thumb/v7e-m+fp/hard\libgcc.a(_aeabi_ldivmod.o)
 .debug_info    0x000233df       0x26 c:/program files/microchip/xc32/v4.35/bin/bin/../../lib/gcc/pic32c/8.3.1/thumb/v7e-m+fp/hard\libgcc.a(_aeabi_uldivmod.o)
 .debug_info    0x00023405      0x7a9 c:/program files/microchip/xc32/v4.35/bin/bin/../../lib/gcc/pic32c/8.3.1/thumb/v7e-m+fp/hard\libgcc.a(_udivmoddi4.o)
 .debug_info    0x00023bae       0x26 c:/program files/microchip/xc32/v4.35/bin/bin/../../lib/gcc/pic32c/8.3.1/thumb/v7e-m+fp/hard\libgcc.a(_dvmd_tls.o)
 .debug_info    0x00023bd4      0x29c c:/program files/microchip/xc32/v4.35/bin/bin/../../lib/gcc/pic32c/8.3.1/../../../../pic32c/lib/thumb/v7e-m+fp/hard\libpic32c.a(pic32_data_init_clear.o)
 .debug_info    0x00023e70      0x29b c:/program files/microchip/xc32/v4.35/bin/bin/../../lib/gcc/pic32c/8.3.1/../../../../pic32c/lib/thumb/v7e-m+fp/hard\libpic32c.a(pic32_data_init_copy.o)

.debug_abbrev   0x00000000     0x41a5
 .debug_abbrev  0x00000000       0x39 build/default/debug/_ext/1434821282/bsp.o
 .debug_abbrev  0x00000039      0x214 build/default/debug/_ext/60163342/plib_adc0.o
 .debug_abbrev  0x0000024d      0x1b2 build/default/debug/_ext/60163342/plib_adc1.o
 .debug_abbrev  0x000003ff      0x125 build/default/debug/_ext/1984496892/plib_clock.o
 .debug_abbrev  0x00000524       0x97 build/default/debug/_ext/1865131932/plib_cmcc.o
 .debug_abbrev  0x000005bb       0x97 build/default/debug/_ext/60167341/plib_eic.o
 .debug_abbrev  0x00000652      0x126 build/default/debug/_ext/1986646378/plib_evsys.o
 .debug_abbrev  0x00000778      0x21b build/default/debug/_ext/1865468468/plib_nvic.o
 .debug_abbrev  0x00000993      0x313 build/default/debug/_ext/1593096446/plib_nvmctrl.o
 .debug_abbrev  0x00000ca6      0x112 build/default/debug/_ext/1865510628/plib_pdec.o
 .debug_abbrev  0x00000db8      0x1c3 build/default/debug/_ext/1865521619/plib_port.o
 .debug_abbrev  0x00000f7b      0x315 build/default/debug/_ext/504274921/plib_sercom2_usart.o
 .debug_abbrev  0x00001290      0x1c5 build/default/debug/_ext/60181570/plib_tcc0.o
 .debug_abbrev  0x00001455       0x95 build/default/debug/_ext/163028504/xc32_monitor.o
 .debug_abbrev  0x000014ea       0x65 build/default/debug/_ext/1455229975/Atan_Data.o
 .debug_abbrev  0x0000154f      0x306 build/default/debug/_ext/1455229975/CommonFcts.o
 .debug_abbrev  0x00001855       0x65 build/default/debug/_ext/1455229975/Exp_Data.o
 .debug_abbrev  0x000018ba       0x65 build/default/debug/_ext/1455229975/Sin2_Data.o
 .debug_abbrev  0x0000191f       0x74 build/default/debug/_ext/1455229975/Sin_Data.o
 .debug_abbrev  0x00001993       0x65 build/default/debug/_ext/1455229975/Sqrt_Data.o
 .debug_abbrev  0x000019f8      0x197 build/default/debug/_ext/1455229975/TableStruct.o
 .debug_abbrev  0x00001b8f      0x103 build/default/debug/_ext/309582698/CRC8CCITT.o
 .debug_abbrev  0x00001c92      0x180 build/default/debug/_ext/2032521757/SerialGeneric.o
 .debug_abbrev  0x00001e12      0x3fd build/default/debug/_ext/1371241226/LNet.o
 .debug_abbrev  0x0000220f      0x2d3 build/default/debug/_ext/630304036/BlockServices.o
 .debug_abbrev  0x000024e2      0x37b build/default/debug/_ext/630304036/Services.o
 .debug_abbrev  0x0000285d      0x282 build/default/debug/_ext/546984198/CommunicationUart.o
 .debug_abbrev  0x00002adf      0x29e build/default/debug/_ext/546984198/ConfigX2C.o
 .debug_abbrev  0x00002d7d       0x65 build/default/debug/_ext/546984198/FlashTable.o
 .debug_abbrev  0x00002de2      0x27c build/default/debug/_ext/546984198/PortConfigX2C.o
 .debug_abbrev  0x0000305e       0xb7 build/default/debug/_ext/546984198/RamTable.o
 .debug_abbrev  0x00003115      0x3d6 build/default/debug/_ext/546984198/Scope_Main.o
 .debug_abbrev  0x000034eb      0x28a build/default/debug/_ext/546984198/X2C.o
 .debug_abbrev  0x00003775      0x1db build/default/debug/_ext/1171490990/startup_xc32.o
 .debug_abbrev  0x00003950       0x97 build/default/debug/_ext/1171490990/initialization.o
 .debug_abbrev  0x000039e7       0xb3 build/default/debug/_ext/1171490990/interrupts.o
 .debug_abbrev  0x00003a9a       0x59 build/default/debug/_ext/1171490990/exceptions.o
 .debug_abbrev  0x00003af3       0x4d build/default/debug/_ext/1171490990/libc_syscalls.o
 .debug_abbrev  0x00003b40      0x1d5 build/default/debug/_ext/1360937237/main.o
 .debug_abbrev  0x00003d15       0x44 c:/program files/microchip/xc32/v4.35/bin/bin/../../lib/gcc/pic32c/8.3.1/../../../../pic32c/lib/thumb/v7e-m+fp/hard\libpic32c.a(data_init.o)
 .debug_abbrev  0x00003d59      0x117 c:/program files/microchip/xc32/v4.35/bin/bin/../../lib/gcc/pic32c/8.3.1/../../../../pic32c/lib/thumb/v7e-m+fp/hard\libg-musl.a(__libc_start_main.o)
 .debug_abbrev  0x00003e70       0xb8 c:/program files/microchip/xc32/v4.35/bin/bin/../../lib/gcc/pic32c/8.3.1/../../../../pic32c/lib/thumb/v7e-m+fp/hard\libg-musl.a(libc.o)
 .debug_abbrev  0x00003f28       0x9c c:/program files/microchip/xc32/v4.35/bin/bin/../../lib/gcc/pic32c/8.3.1/../../../../pic32c/lib/thumb/v7e-m+fp/hard\libg-musl.a(memcpy.o)
 .debug_abbrev  0x00003fc4       0x57 c:/program files/microchip/xc32/v4.35/bin/bin/../../lib/gcc/pic32c/8.3.1/../../../../pic32c/lib/thumb/v7e-m+fp/hard\libg-musl.a(__environ.o)
 .debug_abbrev  0x0000401b       0x14 c:/program files/microchip/xc32/v4.35/bin/bin/../../lib/gcc/pic32c/8.3.1/thumb/v7e-m+fp/hard\libgcc.a(_aeabi_ldivmod.o)
 .debug_abbrev  0x0000402f       0x14 c:/program files/microchip/xc32/v4.35/bin/bin/../../lib/gcc/pic32c/8.3.1/thumb/v7e-m+fp/hard\libgcc.a(_aeabi_uldivmod.o)
 .debug_abbrev  0x00004043       0xf2 c:/program files/microchip/xc32/v4.35/bin/bin/../../lib/gcc/pic32c/8.3.1/thumb/v7e-m+fp/hard\libgcc.a(_udivmoddi4.o)
 .debug_abbrev  0x00004135       0x14 c:/program files/microchip/xc32/v4.35/bin/bin/../../lib/gcc/pic32c/8.3.1/thumb/v7e-m+fp/hard\libgcc.a(_dvmd_tls.o)
 .debug_abbrev  0x00004149       0x2e c:/program files/microchip/xc32/v4.35/bin/bin/../../lib/gcc/pic32c/8.3.1/../../../../pic32c/lib/thumb/v7e-m+fp/hard\libpic32c.a(pic32_data_init_clear.o)
 .debug_abbrev  0x00004177       0x2e c:/program files/microchip/xc32/v4.35/bin/bin/../../lib/gcc/pic32c/8.3.1/../../../../pic32c/lib/thumb/v7e-m+fp/hard\libpic32c.a(pic32_data_init_copy.o)

.debug_aranges  0x00000000      0x618
 .debug_aranges
                0x00000000       0x20 build/default/debug/_ext/1434821282/bsp.o
 .debug_aranges
                0x00000020       0x20 build/default/debug/_ext/60163342/plib_adc0.o
 .debug_aranges
                0x00000040       0x20 build/default/debug/_ext/60163342/plib_adc1.o
 .debug_aranges
                0x00000060       0x20 build/default/debug/_ext/1984496892/plib_clock.o
 .debug_aranges
                0x00000080       0x20 build/default/debug/_ext/1865131932/plib_cmcc.o
 .debug_aranges
                0x000000a0       0x20 build/default/debug/_ext/60167341/plib_eic.o
 .debug_aranges
                0x000000c0       0x20 build/default/debug/_ext/1986646378/plib_evsys.o
 .debug_aranges
                0x000000e0       0x20 build/default/debug/_ext/1865468468/plib_nvic.o
 .debug_aranges
                0x00000100       0x20 build/default/debug/_ext/1593096446/plib_nvmctrl.o
 .debug_aranges
                0x00000120       0x20 build/default/debug/_ext/1865510628/plib_pdec.o
 .debug_aranges
                0x00000140       0x20 build/default/debug/_ext/1865521619/plib_port.o
 .debug_aranges
                0x00000160       0x20 build/default/debug/_ext/504274921/plib_sercom2_usart.o
 .debug_aranges
                0x00000180       0x20 build/default/debug/_ext/60181570/plib_tcc0.o
 .debug_aranges
                0x000001a0       0x20 build/default/debug/_ext/163028504/xc32_monitor.o
 .debug_aranges
                0x000001c0       0x18 build/default/debug/_ext/1455229975/Atan_Data.o
 .debug_aranges
                0x000001d8       0x20 build/default/debug/_ext/1455229975/CommonFcts.o
 .debug_aranges
                0x000001f8       0x18 build/default/debug/_ext/1455229975/Exp_Data.o
 .debug_aranges
                0x00000210       0x18 build/default/debug/_ext/1455229975/Sin2_Data.o
 .debug_aranges
                0x00000228       0x18 build/default/debug/_ext/1455229975/Sin_Data.o
 .debug_aranges
                0x00000240       0x18 build/default/debug/_ext/1455229975/Sqrt_Data.o
 .debug_aranges
                0x00000258       0x20 build/default/debug/_ext/1455229975/TableStruct.o
 .debug_aranges
                0x00000278       0x20 build/default/debug/_ext/309582698/CRC8CCITT.o
 .debug_aranges
                0x00000298       0x20 build/default/debug/_ext/2032521757/SerialGeneric.o
 .debug_aranges
                0x000002b8       0x20 build/default/debug/_ext/1371241226/LNet.o
 .debug_aranges
                0x000002d8       0x20 build/default/debug/_ext/630304036/BlockServices.o
 .debug_aranges
                0x000002f8       0x20 build/default/debug/_ext/630304036/Services.o
 .debug_aranges
                0x00000318       0x20 build/default/debug/_ext/546984198/CommunicationUart.o
 .debug_aranges
                0x00000338       0x20 build/default/debug/_ext/546984198/ConfigX2C.o
 .debug_aranges
                0x00000358       0x18 build/default/debug/_ext/546984198/FlashTable.o
 .debug_aranges
                0x00000370       0x20 build/default/debug/_ext/546984198/PortConfigX2C.o
 .debug_aranges
                0x00000390       0x20 build/default/debug/_ext/546984198/RamTable.o
 .debug_aranges
                0x000003b0       0x20 build/default/debug/_ext/546984198/Scope_Main.o
 .debug_aranges
                0x000003d0       0x20 build/default/debug/_ext/546984198/X2C.o
 .debug_aranges
                0x000003f0       0x28 build/default/debug/_ext/1171490990/startup_xc32.o
 .debug_aranges
                0x00000418       0x20 build/default/debug/_ext/1171490990/initialization.o
 .debug_aranges
                0x00000438       0x20 build/default/debug/_ext/1171490990/interrupts.o
 .debug_aranges
                0x00000458       0x20 build/default/debug/_ext/1171490990/exceptions.o
 .debug_aranges
                0x00000478       0x20 build/default/debug/_ext/1171490990/libc_syscalls.o
 .debug_aranges
                0x00000498       0x20 build/default/debug/_ext/1360937237/main.o
 .debug_aranges
                0x000004b8       0x28 c:/program files/microchip/xc32/v4.35/bin/bin/../../lib/gcc/pic32c/8.3.1/../../../../pic32c/lib/thumb/v7e-m+fp/hard\libpic32c.a(data_init.o)
 .debug_aranges
                0x000004e0       0x28 c:/program files/microchip/xc32/v4.35/bin/bin/../../lib/gcc/pic32c/8.3.1/../../../../pic32c/lib/thumb/v7e-m+fp/hard\libg-musl.a(__libc_start_main.o)
 .debug_aranges
                0x00000508       0x18 c:/program files/microchip/xc32/v4.35/bin/bin/../../lib/gcc/pic32c/8.3.1/../../../../pic32c/lib/thumb/v7e-m+fp/hard\libg-musl.a(libc.o)
 .debug_aranges
                0x00000520       0x20 c:/program files/microchip/xc32/v4.35/bin/bin/../../lib/gcc/pic32c/8.3.1/../../../../pic32c/lib/thumb/v7e-m+fp/hard\libg-musl.a(memcpy.o)
 .debug_aranges
                0x00000540       0x18 c:/program files/microchip/xc32/v4.35/bin/bin/../../lib/gcc/pic32c/8.3.1/../../../../pic32c/lib/thumb/v7e-m+fp/hard\libg-musl.a(__environ.o)
 .debug_aranges
                0x00000558       0x20 c:/program files/microchip/xc32/v4.35/bin/bin/../../lib/gcc/pic32c/8.3.1/thumb/v7e-m+fp/hard\libgcc.a(_aeabi_ldivmod.o)
 .debug_aranges
                0x00000578       0x20 c:/program files/microchip/xc32/v4.35/bin/bin/../../lib/gcc/pic32c/8.3.1/thumb/v7e-m+fp/hard\libgcc.a(_aeabi_uldivmod.o)
 .debug_aranges
                0x00000598       0x20 c:/program files/microchip/xc32/v4.35/bin/bin/../../lib/gcc/pic32c/8.3.1/thumb/v7e-m+fp/hard\libgcc.a(_udivmoddi4.o)
 .debug_aranges
                0x000005b8       0x20 c:/program files/microchip/xc32/v4.35/bin/bin/../../lib/gcc/pic32c/8.3.1/thumb/v7e-m+fp/hard\libgcc.a(_dvmd_tls.o)
 .debug_aranges
                0x000005d8       0x20 c:/program files/microchip/xc32/v4.35/bin/bin/../../lib/gcc/pic32c/8.3.1/../../../../pic32c/lib/thumb/v7e-m+fp/hard\libpic32c.a(pic32_data_init_clear.o)
 .debug_aranges
                0x000005f8       0x20 c:/program files/microchip/xc32/v4.35/bin/bin/../../lib/gcc/pic32c/8.3.1/../../../../pic32c/lib/thumb/v7e-m+fp/hard\libpic32c.a(pic32_data_init_copy.o)

.debug_line     0x00000000     0x9ccd
 .debug_line    0x00000000       0x53 build/default/debug/_ext/1434821282/bsp.o
 .debug_line    0x00000053      0x2de build/default/debug/_ext/60163342/plib_adc0.o
 .debug_line    0x00000331      0x29d build/default/debug/_ext/60163342/plib_adc1.o
 .debug_line    0x000005ce      0x347 build/default/debug/_ext/1984496892/plib_clock.o
 .debug_line    0x00000915      0x1d0 build/default/debug/_ext/1865131932/plib_cmcc.o
 .debug_line    0x00000ae5      0x126 build/default/debug/_ext/60167341/plib_eic.o
 .debug_line    0x00000c0b      0x179 build/default/debug/_ext/1986646378/plib_evsys.o
 .debug_line    0x00000d84      0x2e9 build/default/debug/_ext/1865468468/plib_nvic.o
 .debug_line    0x0000106d      0x569 build/default/debug/_ext/1593096446/plib_nvmctrl.o
 .debug_line    0x000015d6      0x21e build/default/debug/_ext/1865510628/plib_pdec.o
 .debug_line    0x000017f4      0x326 build/default/debug/_ext/1865521619/plib_port.o
 .debug_line    0x00001b1a      0x564 build/default/debug/_ext/504274921/plib_sercom2_usart.o
 .debug_line    0x0000207e      0x347 build/default/debug/_ext/60181570/plib_tcc0.o
 .debug_line    0x000023c5       0xb1 build/default/debug/_ext/163028504/xc32_monitor.o
 .debug_line    0x00002476       0xcd build/default/debug/_ext/1455229975/Atan_Data.o
 .debug_line    0x00002543      0x767 build/default/debug/_ext/1455229975/CommonFcts.o
 .debug_line    0x00002caa       0xcb build/default/debug/_ext/1455229975/Exp_Data.o
 .debug_line    0x00002d75       0xcd build/default/debug/_ext/1455229975/Sin2_Data.o
 .debug_line    0x00002e42       0xcb build/default/debug/_ext/1455229975/Sin_Data.o
 .debug_line    0x00002f0d       0xcd build/default/debug/_ext/1455229975/Sqrt_Data.o
 .debug_line    0x00002fda      0x19e build/default/debug/_ext/1455229975/TableStruct.o
 .debug_line    0x00003178      0x17f build/default/debug/_ext/309582698/CRC8CCITT.o
 .debug_line    0x000032f7      0x188 build/default/debug/_ext/2032521757/SerialGeneric.o
 .debug_line    0x0000347f      0xb0c build/default/debug/_ext/1371241226/LNet.o
 .debug_line    0x00003f8b      0x669 build/default/debug/_ext/630304036/BlockServices.o
 .debug_line    0x000045f4      0xec0 build/default/debug/_ext/630304036/Services.o
 .debug_line    0x000054b4      0x242 build/default/debug/_ext/546984198/CommunicationUart.o
 .debug_line    0x000056f6      0x295 build/default/debug/_ext/546984198/ConfigX2C.o
 .debug_line    0x0000598b       0xf6 build/default/debug/_ext/546984198/FlashTable.o
 .debug_line    0x00005a81      0x99f build/default/debug/_ext/546984198/PortConfigX2C.o
 .debug_line    0x00006420      0x11b build/default/debug/_ext/546984198/RamTable.o
 .debug_line    0x0000653b      0xf9b build/default/debug/_ext/546984198/Scope_Main.o
 .debug_line    0x000074d6     0x1154 build/default/debug/_ext/546984198/X2C.o
 .debug_line    0x0000862a      0x24a build/default/debug/_ext/1171490990/startup_xc32.o
 .debug_line    0x00008874      0x30e build/default/debug/_ext/1171490990/initialization.o
 .debug_line    0x00008b82      0x102 build/default/debug/_ext/1171490990/interrupts.o
 .debug_line    0x00008c84       0x5b build/default/debug/_ext/1171490990/exceptions.o
 .debug_line    0x00008cdf       0x5e build/default/debug/_ext/1171490990/libc_syscalls.o
 .debug_line    0x00008d3d      0x36b build/default/debug/_ext/1360937237/main.o
 .debug_line    0x000090a8       0xec c:/program files/microchip/xc32/v4.35/bin/bin/../../lib/gcc/pic32c/8.3.1/../../../../pic32c/lib/thumb/v7e-m+fp/hard\libpic32c.a(data_init.o)
 .debug_line    0x00009194      0x1cd c:/program files/microchip/xc32/v4.35/bin/bin/../../lib/gcc/pic32c/8.3.1/../../../../pic32c/lib/thumb/v7e-m+fp/hard\libg-musl.a(__libc_start_main.o)
 .debug_line    0x00009361       0xb8 c:/program files/microchip/xc32/v4.35/bin/bin/../../lib/gcc/pic32c/8.3.1/../../../../pic32c/lib/thumb/v7e-m+fp/hard\libg-musl.a(libc.o)
 .debug_line    0x00009419       0xfc c:/program files/microchip/xc32/v4.35/bin/bin/../../lib/gcc/pic32c/8.3.1/../../../../pic32c/lib/thumb/v7e-m+fp/hard\libg-musl.a(memcpy.o)
 .debug_line    0x00009515      0x101 c:/program files/microchip/xc32/v4.35/bin/bin/../../lib/gcc/pic32c/8.3.1/../../../../pic32c/lib/thumb/v7e-m+fp/hard\libg-musl.a(__environ.o)
 .debug_line    0x00009616       0xb2 c:/program files/microchip/xc32/v4.35/bin/bin/../../lib/gcc/pic32c/8.3.1/thumb/v7e-m+fp/hard\libgcc.a(_aeabi_ldivmod.o)
 .debug_line    0x000096c8       0x94 c:/program files/microchip/xc32/v4.35/bin/bin/../../lib/gcc/pic32c/8.3.1/thumb/v7e-m+fp/hard\libgcc.a(_aeabi_uldivmod.o)
 .debug_line    0x0000975c      0x363 c:/program files/microchip/xc32/v4.35/bin/bin/../../lib/gcc/pic32c/8.3.1/thumb/v7e-m+fp/hard\libgcc.a(_udivmoddi4.o)
 .debug_line    0x00009abf       0x94 c:/program files/microchip/xc32/v4.35/bin/bin/../../lib/gcc/pic32c/8.3.1/thumb/v7e-m+fp/hard\libgcc.a(_dvmd_tls.o)
 .debug_line    0x00009b53       0xb9 c:/program files/microchip/xc32/v4.35/bin/bin/../../lib/gcc/pic32c/8.3.1/../../../../pic32c/lib/thumb/v7e-m+fp/hard\libpic32c.a(pic32_data_init_clear.o)
 .debug_line    0x00009c0c       0xc1 c:/program files/microchip/xc32/v4.35/bin/bin/../../lib/gcc/pic32c/8.3.1/../../../../pic32c/lib/thumb/v7e-m+fp/hard\libpic32c.a(pic32_data_init_copy.o)

.debug_str      0x00000000     0x14ef
 .debug_str     0x00000000        0x0 build/default/debug/_ext/1434821282/bsp.o
 .debug_str     0x00000000       0x2a build/default/debug/_ext/60163342/plib_adc0.o
 .debug_str     0x0000002a       0x19 build/default/debug/_ext/60163342/plib_adc1.o
 .debug_str     0x00000043       0x1e build/default/debug/_ext/1984496892/plib_clock.o
 .debug_str     0x00000061        0x0 build/default/debug/_ext/1865131932/plib_cmcc.o
 .debug_str     0x00000061        0x0 build/default/debug/_ext/60167341/plib_eic.o
 .debug_str     0x00000061       0x16 build/default/debug/_ext/1986646378/plib_evsys.o
 .debug_str     0x00000077        0xa build/default/debug/_ext/1865468468/plib_nvic.o
 .debug_str     0x00000081       0x20 build/default/debug/_ext/1593096446/plib_nvmctrl.o
 .debug_str     0x000000a1        0x0 build/default/debug/_ext/1865510628/plib_pdec.o
 .debug_str     0x000000a1        0xb build/default/debug/_ext/1865521619/plib_port.o
 .debug_str     0x000000ac      0x135 build/default/debug/_ext/504274921/plib_sercom2_usart.o
 .debug_str     0x000001e1        0xf build/default/debug/_ext/60181570/plib_tcc0.o
 .debug_str     0x000001f0        0x0 build/default/debug/_ext/163028504/xc32_monitor.o
 .debug_str     0x000001f0        0x0 build/default/debug/_ext/1455229975/Atan_Data.o
 .debug_str     0x000001f0       0xbc build/default/debug/_ext/1455229975/CommonFcts.o
 .debug_str     0x000002ac        0x0 build/default/debug/_ext/1455229975/Exp_Data.o
 .debug_str     0x000002ac        0x0 build/default/debug/_ext/1455229975/Sin2_Data.o
 .debug_str     0x000002ac        0x0 build/default/debug/_ext/1455229975/Sin_Data.o
 .debug_str     0x000002ac        0x0 build/default/debug/_ext/1455229975/Sqrt_Data.o
 .debug_str     0x000002ac       0x46 build/default/debug/_ext/1455229975/TableStruct.o
 .debug_str     0x000002f2        0x0 build/default/debug/_ext/309582698/CRC8CCITT.o
 .debug_str     0x000002f2       0x4e build/default/debug/_ext/2032521757/SerialGeneric.o
 .debug_str     0x00000340       0xcc build/default/debug/_ext/1371241226/LNet.o
 .debug_str     0x0000040c       0x72 build/default/debug/_ext/630304036/BlockServices.o
 .debug_str     0x0000047e       0xdf build/default/debug/_ext/630304036/Services.o
 .debug_str     0x0000055d       0xb3 build/default/debug/_ext/546984198/CommunicationUart.o
 .debug_str     0x00000610      0x137 build/default/debug/_ext/546984198/ConfigX2C.o
 .debug_str     0x00000747        0x0 build/default/debug/_ext/546984198/FlashTable.o
 .debug_str     0x00000747      0x142 build/default/debug/_ext/546984198/PortConfigX2C.o
 .debug_str     0x00000889        0x0 build/default/debug/_ext/546984198/RamTable.o
 .debug_str     0x00000889       0xf7 build/default/debug/_ext/546984198/Scope_Main.o
 .debug_str     0x00000980      0x6c7 build/default/debug/_ext/546984198/X2C.o
 .debug_str     0x00001047       0x2f build/default/debug/_ext/1171490990/startup_xc32.o
 .debug_str     0x00001076       0xe2 build/default/debug/_ext/1171490990/initialization.o
 .debug_str     0x00001158        0x0 build/default/debug/_ext/1171490990/interrupts.o
 .debug_str     0x00001158        0x0 build/default/debug/_ext/1171490990/exceptions.o
 .debug_str     0x00001158        0x0 build/default/debug/_ext/1171490990/libc_syscalls.o
 .debug_str     0x00001158       0xdb build/default/debug/_ext/1360937237/main.o
 .debug_str     0x00001233        0x0 c:/program files/microchip/xc32/v4.35/bin/bin/../../lib/gcc/pic32c/8.3.1/../../../../pic32c/lib/thumb/v7e-m+fp/hard\libpic32c.a(data_init.o)
 .debug_str     0x00001233        0x0 c:/program files/microchip/xc32/v4.35/bin/bin/../../lib/gcc/pic32c/8.3.1/../../../../pic32c/lib/thumb/v7e-m+fp/hard\libg-musl.a(__libc_start_main.o)
 .debug_str     0x00001233        0x0 c:/program files/microchip/xc32/v4.35/bin/bin/../../lib/gcc/pic32c/8.3.1/../../../../pic32c/lib/thumb/v7e-m+fp/hard\libg-musl.a(libc.o)
 .debug_str     0x00001233        0x0 c:/program files/microchip/xc32/v4.35/bin/bin/../../lib/gcc/pic32c/8.3.1/../../../../pic32c/lib/thumb/v7e-m+fp/hard\libg-musl.a(memcpy.o)
 .debug_str     0x00001233        0x0 c:/program files/microchip/xc32/v4.35/bin/bin/../../lib/gcc/pic32c/8.3.1/../../../../pic32c/lib/thumb/v7e-m+fp/hard\libg-musl.a(__environ.o)
 .debug_str     0x00001233       0xe8 c:/program files/microchip/xc32/v4.35/bin/bin/../../lib/gcc/pic32c/8.3.1/thumb/v7e-m+fp/hard\libgcc.a(_aeabi_ldivmod.o)
 .debug_str     0x0000131b       0xe8 c:/program files/microchip/xc32/v4.35/bin/bin/../../lib/gcc/pic32c/8.3.1/thumb/v7e-m+fp/hard\libgcc.a(_aeabi_uldivmod.o)
 .debug_str     0x00001403        0x0 c:/program files/microchip/xc32/v4.35/bin/bin/../../lib/gcc/pic32c/8.3.1/thumb/v7e-m+fp/hard\libgcc.a(_udivmoddi4.o)
 .debug_str     0x00001403       0xec c:/program files/microchip/xc32/v4.35/bin/bin/../../lib/gcc/pic32c/8.3.1/thumb/v7e-m+fp/hard\libgcc.a(_dvmd_tls.o)
 .debug_str     0x000014ef        0x0 c:/program files/microchip/xc32/v4.35/bin/bin/../../lib/gcc/pic32c/8.3.1/../../../../pic32c/lib/thumb/v7e-m+fp/hard\libpic32c.a(pic32_data_init_clear.o)
 .debug_str     0x000014ef        0x0 c:/program files/microchip/xc32/v4.35/bin/bin/../../lib/gcc/pic32c/8.3.1/../../../../pic32c/lib/thumb/v7e-m+fp/hard\libpic32c.a(pic32_data_init_copy.o)

.debug_frame    0x00000000     0x172c
 .debug_frame   0x00000000       0x20 build/default/debug/_ext/1434821282/bsp.o
 .debug_frame   0x00000020      0x108 build/default/debug/_ext/60163342/plib_adc0.o
 .debug_frame   0x00000128      0x100 build/default/debug/_ext/60163342/plib_adc1.o
 .debug_frame   0x00000228       0x30 build/default/debug/_ext/1984496892/plib_clock.o
 .debug_frame   0x00000258       0x70 build/default/debug/_ext/1865131932/plib_cmcc.o
 .debug_frame   0x000002c8       0x20 build/default/debug/_ext/60167341/plib_eic.o
 .debug_frame   0x000002e8       0x6c build/default/debug/_ext/1986646378/plib_evsys.o
 .debug_frame   0x00000354       0x50 build/default/debug/_ext/1865468468/plib_nvic.o
 .debug_frame   0x000003a4      0x204 build/default/debug/_ext/1593096446/plib_nvmctrl.o
 .debug_frame   0x000005a8       0x8c build/default/debug/_ext/1865510628/plib_pdec.o
 .debug_frame   0x00000634       0xdc build/default/debug/_ext/1865521619/plib_port.o
 .debug_frame   0x00000710      0x18c build/default/debug/_ext/504274921/plib_sercom2_usart.o
 .debug_frame   0x0000089c      0x10c build/default/debug/_ext/60181570/plib_tcc0.o
 .debug_frame   0x000009a8       0x30 build/default/debug/_ext/163028504/xc32_monitor.o
 .debug_frame   0x000009d8      0x2a8 build/default/debug/_ext/1455229975/CommonFcts.o
 .debug_frame   0x00000c80       0x30 build/default/debug/_ext/1455229975/TableStruct.o
 .debug_frame   0x00000cb0       0x4c build/default/debug/_ext/309582698/CRC8CCITT.o
 .debug_frame   0x00000cfc       0x9c build/default/debug/_ext/2032521757/SerialGeneric.o
 .debug_frame   0x00000d98       0xa8 build/default/debug/_ext/1371241226/LNet.o
 .debug_frame   0x00000e40      0x12c build/default/debug/_ext/630304036/BlockServices.o
 .debug_frame   0x00000f6c      0x1b4 build/default/debug/_ext/630304036/Services.o
 .debug_frame   0x00001120       0xbc build/default/debug/_ext/546984198/CommunicationUart.o
 .debug_frame   0x000011dc       0x60 build/default/debug/_ext/546984198/ConfigX2C.o
 .debug_frame   0x0000123c       0x68 build/default/debug/_ext/546984198/PortConfigX2C.o
 .debug_frame   0x000012a4       0x20 build/default/debug/_ext/546984198/RamTable.o
 .debug_frame   0x000012c4       0xc0 build/default/debug/_ext/546984198/Scope_Main.o
 .debug_frame   0x00001384       0xa0 build/default/debug/_ext/546984198/X2C.o
 .debug_frame   0x00001424       0x38 build/default/debug/_ext/1171490990/startup_xc32.o
 .debug_frame   0x0000145c       0x2c build/default/debug/_ext/1171490990/initialization.o
 .debug_frame   0x00001488       0x20 build/default/debug/_ext/1171490990/interrupts.o
 .debug_frame   0x000014a8       0x70 build/default/debug/_ext/1171490990/exceptions.o
 .debug_frame   0x00001518       0x20 build/default/debug/_ext/1171490990/libc_syscalls.o
 .debug_frame   0x00001538       0x60 build/default/debug/_ext/1360937237/main.o
 .debug_frame   0x00001598       0x3c c:/program files/microchip/xc32/v4.35/bin/bin/../../lib/gcc/pic32c/8.3.1/../../../../pic32c/lib/thumb/v7e-m+fp/hard\libpic32c.a(data_init.o)
 .debug_frame   0x000015d4       0x3c c:/program files/microchip/xc32/v4.35/bin/bin/../../lib/gcc/pic32c/8.3.1/../../../../pic32c/lib/thumb/v7e-m+fp/hard\libg-musl.a(__libc_start_main.o)
 .debug_frame   0x00001610       0x2c c:/program files/microchip/xc32/v4.35/bin/bin/../../lib/gcc/pic32c/8.3.1/../../../../pic32c/lib/thumb/v7e-m+fp/hard\libg-musl.a(memcpy.o)
 .debug_frame   0x0000163c       0x44 c:/program files/microchip/xc32/v4.35/bin/bin/../../lib/gcc/pic32c/8.3.1/thumb/v7e-m+fp/hard\libgcc.a(_aeabi_ldivmod.o)
 .debug_frame   0x00001680       0x2c c:/program files/microchip/xc32/v4.35/bin/bin/../../lib/gcc/pic32c/8.3.1/thumb/v7e-m+fp/hard\libgcc.a(_aeabi_uldivmod.o)
 .debug_frame   0x000016ac       0x38 c:/program files/microchip/xc32/v4.35/bin/bin/../../lib/gcc/pic32c/8.3.1/thumb/v7e-m+fp/hard\libgcc.a(_udivmoddi4.o)
 .debug_frame   0x000016e4       0x20 c:/program files/microchip/xc32/v4.35/bin/bin/../../lib/gcc/pic32c/8.3.1/../../../../pic32c/lib/thumb/v7e-m+fp/hard\libpic32c.a(pic32_data_init_clear.o)
 .debug_frame   0x00001704       0x28 c:/program files/microchip/xc32/v4.35/bin/bin/../../lib/gcc/pic32c/8.3.1/../../../../pic32c/lib/thumb/v7e-m+fp/hard\libpic32c.a(pic32_data_init_copy.o)

.debug_loc      0x00000000     0x85e4
 .debug_loc     0x00000000      0x116 build/default/debug/_ext/60163342/plib_adc0.o
 .debug_loc     0x00000116       0xf0 build/default/debug/_ext/60163342/plib_adc1.o
 .debug_loc     0x00000206       0x2c build/default/debug/_ext/1984496892/plib_clock.o
 .debug_loc     0x00000232      0x10a build/default/debug/_ext/1986646378/plib_evsys.o
 .debug_loc     0x0000033c      0x11c build/default/debug/_ext/1865468468/plib_nvic.o
 .debug_loc     0x00000458      0x97d build/default/debug/_ext/1593096446/plib_nvmctrl.o
 .debug_loc     0x00000dd5       0x41 build/default/debug/_ext/1865510628/plib_pdec.o
 .debug_loc     0x00000e16      0x219 build/default/debug/_ext/1865521619/plib_port.o
 .debug_loc     0x0000102f      0xa12 build/default/debug/_ext/504274921/plib_sercom2_usart.o
 .debug_loc     0x00001a41      0x1b6 build/default/debug/_ext/60181570/plib_tcc0.o
 .debug_loc     0x00001bf7       0x25 build/default/debug/_ext/163028504/xc32_monitor.o
 .debug_loc     0x00001c1c     0x12cd build/default/debug/_ext/1455229975/CommonFcts.o
 .debug_loc     0x00002ee9       0x32 build/default/debug/_ext/1455229975/TableStruct.o
 .debug_loc     0x00002f1b      0x180 build/default/debug/_ext/309582698/CRC8CCITT.o
 .debug_loc     0x0000309b       0x51 build/default/debug/_ext/2032521757/SerialGeneric.o
 .debug_loc     0x000030ec      0xbce build/default/debug/_ext/1371241226/LNet.o
 .debug_loc     0x00003cba      0xbea build/default/debug/_ext/630304036/BlockServices.o
 .debug_loc     0x000048a4     0x116d build/default/debug/_ext/630304036/Services.o
 .debug_loc     0x00005a11      0x1bd build/default/debug/_ext/546984198/CommunicationUart.o
 .debug_loc     0x00005bce       0x83 build/default/debug/_ext/546984198/ConfigX2C.o
 .debug_loc     0x00005c51      0x127 build/default/debug/_ext/546984198/PortConfigX2C.o
 .debug_loc     0x00005d78       0x16 build/default/debug/_ext/546984198/RamTable.o
 .debug_loc     0x00005d8e     0x165a build/default/debug/_ext/546984198/Scope_Main.o
 .debug_loc     0x000073e8       0x98 build/default/debug/_ext/546984198/X2C.o
 .debug_loc     0x00007480       0x4a build/default/debug/_ext/1171490990/startup_xc32.o
 .debug_loc     0x000074ca       0x51 build/default/debug/_ext/1171490990/initialization.o
 .debug_loc     0x0000751b       0xcc build/default/debug/_ext/1360937237/main.o
 .debug_loc     0x000075e7       0x14 c:/program files/microchip/xc32/v4.35/bin/bin/../../lib/gcc/pic32c/8.3.1/../../../../pic32c/lib/thumb/v7e-m+fp/hard\libpic32c.a(data_init.o)
 .debug_loc     0x000075fb       0x51 c:/program files/microchip/xc32/v4.35/bin/bin/../../lib/gcc/pic32c/8.3.1/../../../../pic32c/lib/thumb/v7e-m+fp/hard\libg-musl.a(__libc_start_main.o)
 .debug_loc     0x0000764c      0x10b c:/program files/microchip/xc32/v4.35/bin/bin/../../lib/gcc/pic32c/8.3.1/../../../../pic32c/lib/thumb/v7e-m+fp/hard\libg-musl.a(memcpy.o)
 .debug_loc     0x00007757      0xe79 c:/program files/microchip/xc32/v4.35/bin/bin/../../lib/gcc/pic32c/8.3.1/thumb/v7e-m+fp/hard\libgcc.a(_udivmoddi4.o)
 .debug_loc     0x000085d0       0x14 c:/program files/microchip/xc32/v4.35/bin/bin/../../lib/gcc/pic32c/8.3.1/../../../../pic32c/lib/thumb/v7e-m+fp/hard\libpic32c.a(pic32_data_init_copy.o)

.debug_ranges   0x00000000      0x948
 .debug_ranges  0x00000000       0x38 build/default/debug/_ext/1984496892/plib_clock.o
 .debug_ranges  0x00000038       0x30 build/default/debug/_ext/1865468468/plib_nvic.o
 .debug_ranges  0x00000068       0x68 build/default/debug/_ext/1593096446/plib_nvmctrl.o
 .debug_ranges  0x000000d0       0x20 build/default/debug/_ext/504274921/plib_sercom2_usart.o
 .debug_ranges  0x000000f0      0x3f8 build/default/debug/_ext/1371241226/LNet.o
 .debug_ranges  0x000004e8       0xb8 build/default/debug/_ext/630304036/Services.o
 .debug_ranges  0x000005a0       0x18 build/default/debug/_ext/546984198/ConfigX2C.o
 .debug_ranges  0x000005b8      0x240 build/default/debug/_ext/546984198/Scope_Main.o
 .debug_ranges  0x000007f8       0x18 build/default/debug/_ext/1171490990/startup_xc32.o
 .debug_ranges  0x00000810       0x18 c:/program files/microchip/xc32/v4.35/bin/bin/../../lib/gcc/pic32c/8.3.1/../../../../pic32c/lib/thumb/v7e-m+fp/hard\libpic32c.a(data_init.o)
 .debug_ranges  0x00000828       0x40 c:/program files/microchip/xc32/v4.35/bin/bin/../../lib/gcc/pic32c/8.3.1/../../../../pic32c/lib/thumb/v7e-m+fp/hard\libg-musl.a(__libc_start_main.o)
 .debug_ranges  0x00000868       0x10 c:/program files/microchip/xc32/v4.35/bin/bin/../../lib/gcc/pic32c/8.3.1/../../../../pic32c/lib/thumb/v7e-m+fp/hard\libg-musl.a(memcpy.o)
 .debug_ranges  0x00000878       0xb0 c:/program files/microchip/xc32/v4.35/bin/bin/../../lib/gcc/pic32c/8.3.1/thumb/v7e-m+fp/hard\libgcc.a(_udivmoddi4.o)
 .debug_ranges  0x00000928       0x10 c:/program files/microchip/xc32/v4.35/bin/bin/../../lib/gcc/pic32c/8.3.1/../../../../pic32c/lib/thumb/v7e-m+fp/hard\libpic32c.a(pic32_data_init_clear.o)
 .debug_ranges  0x00000938       0x10 c:/program files/microchip/xc32/v4.35/bin/bin/../../lib/gcc/pic32c/8.3.1/../../../../pic32c/lib/thumb/v7e-m+fp/hard\libpic32c.a(pic32_data_init_copy.o)

.note.GNU-stack
                0x00000000        0x0
 .note.GNU-stack
                0x00000000        0x0 c:/program files/microchip/xc32/v4.35/bin/bin/../../lib/gcc/pic32c/8.3.1/../../../../pic32c/lib/thumb/v7e-m+fp/hard\libg-musl.a(__libc_start_main.o)
 .note.GNU-stack
                0x00000000        0x0 c:/program files/microchip/xc32/v4.35/bin/bin/../../lib/gcc/pic32c/8.3.1/../../../../pic32c/lib/thumb/v7e-m+fp/hard\libg-musl.a(libc.o)
 .note.GNU-stack
                0x00000000        0x0 c:/program files/microchip/xc32/v4.35/bin/bin/../../lib/gcc/pic32c/8.3.1/../../../../pic32c/lib/thumb/v7e-m+fp/hard\libg-musl.a(memcpy.o)
 .note.GNU-stack
                0x00000000        0x0 c:/program files/microchip/xc32/v4.35/bin/bin/../../lib/gcc/pic32c/8.3.1/../../../../pic32c/lib/thumb/v7e-m+fp/hard\libg-musl.a(__environ.o)

.stack          0x20002120      0x100
 .stack         0x20002120      0x100 stack

.bss%1          0x20000000     0x1000
 .bss           0x20000000     0x1000 build/default/debug/_ext/546984198/Scope_Main.o
                0x20000000                ScopeArray

.bss%2          0x20001000      0x810
 .bss           0x20001000      0x810 build/default/debug/_ext/546984198/X2C.o
                0x20001000                x2cModel
                0x20001798                x2cScope

.bss%3          0x20001810      0x406
 .bss           0x20001810      0x406 build/default/debug/_ext/546984198/RamTable.o
                0x20001810                RamTable_int16

.bss%4          0x20001c18      0x188
 .bss           0x20001c18      0x188 build/default/debug/_ext/546984198/ConfigX2C.o
                0x20001d64                TheTableStruct

.bss%5          0x20001da0       0x6c
 .bss           0x20001da0       0x6c build/default/debug/_ext/630304036/Services.o

.bss%6          0x20001e0c       0x50
 .bss           0x20001e0c       0x50 c:/program files/microchip/xc32/v4.35/bin/bin/../../lib/gcc/pic32c/8.3.1/../../../../pic32c/lib/thumb/v7e-m+fp/hard\libg-musl.a(libc.o)
                0x20001e0c                __progname_full
                0x20001e0c                program_invocation_name
                0x20001e10                program_invocation_short_name
                0x20001e10                __progname
                0x20001e14                __sysinfo
                0x20001e18                __hwcap
                0x20001e1c                __libc

.bss%7          0x20001e5c       0x31
 .bss           0x20001e5c       0x31 build/default/debug/_ext/546984198/PortConfigX2C.o
                0x20001e5e                rotor_elec_count
                0x20001e60                rotor_mech_count
                0x20001e62                rotor_speed_count
                0x20001e64                gPositionCalc
                0x20001e78                pos_count_diff
                0x20001e7c                speed_elec
                0x20001e80                duty_A
                0x20001e84                duty_B
                0x20001e88                duty_C
                0x20001e8c                adcCalibrated

.bss%8          0x20001e90       0x28
 .bss           0x20001e90       0x28 build/default/debug/_ext/1360937237/main.o
                0x20001e90                phaseA_current_raw
                0x20001e92                phaseB_current_raw
                0x20001e94                dcbus_raw
                0x20001e96                pot_raw
                0x20001e98                slow_loop_count
                0x20001e9a                TimerEncoderFilter
                0x20001e9c                calibration_sample_count
                0x20001ea0                adc_0_sum
                0x20001ea4                adc_1_sum
                0x20001ea8                adc_0_offset
                0x20001eaa                adc_1_offset
                0x20001eac                CpuLoad
                0x20001eae                updateCnt
                0x20001eb0                dc_bus
                0x20001eb2                pot_value
                0x20001eb4                current_ib
                0x20001eb6                current_ia

.bss%9          0x20001eb8       0x1c
 .bss           0x20001eb8       0x1c c:/program files/microchip/xc32/v4.35/bin/bin/../../lib/gcc/pic32c/8.3.1/thumb/v7e-m+fp/hard/crtbegin.o

.bss%10         0x20001ed4        0x8
 .bss           0x20001ed4        0x8 build/default/debug/_ext/60163342/plib_adc0.o

.bss%11         0x20001edc        0x8
 .bss           0x20001edc        0x8 build/default/debug/_ext/60181570/plib_tcc0.o

.bss%12         0x20001ee4        0x8
 .bss           0x20001ee4        0x8 build/default/debug/_ext/1371241226/LNet.o

.bss%13         0x20001eec        0x4
 .bss           0x20001eec        0x4 c:/program files/microchip/xc32/v4.35/bin/bin/../../lib/gcc/pic32c/8.3.1/../../../../pic32c/lib/thumb/v7e-m+fp/hard\libpic32c.a(data_init.o)

.bss%14         0x20001ef0        0x4
 .bss           0x20001ef0        0x4 c:/program files/microchip/xc32/v4.35/bin/bin/../../lib/gcc/pic32c/8.3.1/../../../../pic32c/lib/thumb/v7e-m+fp/hard\libg-musl.a(__environ.o)
                0x20001ef0                __environ
                0x20001ef0                environ
                0x20001ef0                ___environ
                0x20001ef0                _environ

.bss%15         0x20001c16        0x2
 .bss           0x20001c16        0x2 build/default/debug/_ext/1593096446/plib_nvmctrl.o

.bss%16         0x20001e8d        0x2
 .bss           0x20001e8d        0x2 build/default/debug/_ext/309582698/CRC8CCITT.o
                0x20001e8d                xored
                0x20001e8e                newcrc

.bss%z1         0x00000000        0x0
 .bss           0x00000000        0x0 c:/program files/microchip/xc32/v4.35/bin/bin/../../lib/gcc/pic32c/8.3.1/../../../../pic32c/lib/thumb/v7e-m+fp/hard\libpic32c.a(pic32_data_init_copy.o)

.bss%z2         0x00000000        0x0
 .bss           0x00000000        0x0 c:/program files/microchip/xc32/v4.35/bin/bin/../../lib/gcc/pic32c/8.3.1/../../../../pic32c/lib/thumb/v7e-m+fp/hard\libpic32c.a(pic32_data_init_clear.o)

.bss%z3         0x00000000        0x0
 .bss           0x00000000        0x0 c:/program files/microchip/xc32/v4.35/bin/bin/../../lib/gcc/pic32c/8.3.1/thumb/v7e-m+fp/hard/crtn.o

.bss%z4         0x00000000        0x0
 .bss           0x00000000        0x0 c:/program files/microchip/xc32/v4.35/bin/bin/../../lib/gcc/pic32c/8.3.1/thumb/v7e-m+fp/hard/crtend.o

.bss%z5         0x00000000        0x0
 .bss           0x00000000        0x0 c:/program files/microchip/xc32/v4.35/bin/bin/../../lib/gcc/pic32c/8.3.1/thumb/v7e-m+fp/hard\libgcc.a(_dvmd_tls.o)

.bss%z6         0x00000000        0x0
 .bss           0x00000000        0x0 c:/program files/microchip/xc32/v4.35/bin/bin/../../lib/gcc/pic32c/8.3.1/thumb/v7e-m+fp/hard\libgcc.a(_udivmoddi4.o)

.bss%z7         0x00000000        0x0
 .bss           0x00000000        0x0 c:/program files/microchip/xc32/v4.35/bin/bin/../../lib/gcc/pic32c/8.3.1/thumb/v7e-m+fp/hard\libgcc.a(_aeabi_uldivmod.o)

.bss%z8         0x00000000        0x0
 .bss           0x00000000        0x0 c:/program files/microchip/xc32/v4.35/bin/bin/../../lib/gcc/pic32c/8.3.1/thumb/v7e-m+fp/hard\libgcc.a(_aeabi_ldivmod.o)

.bss%z9         0x00000000        0x0
 .bss           0x00000000        0x0 c:/program files/microchip/xc32/v4.35/bin/bin/../../lib/gcc/pic32c/8.3.1/../../../../pic32c/lib/thumb/v7e-m+fp/hard\libg-musl.a(memcpy.o)

.bss%z10        0x00000000        0x0
 .bss           0x00000000        0x0 c:/program files/microchip/xc32/v4.35/bin/bin/../../lib/gcc/pic32c/8.3.1/../../../../pic32c/lib/thumb/v7e-m+fp/hard\libg-musl.a(__libc_start_main.o)

.bss%z11        0x00000000        0x0
 .bss           0x00000000        0x0 ..\src\config\default\X2CCode\X2CModel\Library\MCHP\Controller\lib\libCortexM4-ATSAM_MCHP.a(Clarke_Park_MCHP_FiP16.o)

.bss%z12        0x00000000        0x0
 .bss           0x00000000        0x0 ..\src\config\default\X2CCode\X2CModel\Library\MCHP\Controller\lib\libCortexM4-ATSAM_MCHP.a(Park_Clarke_inv_SVM_MCHP_FiP16.o)

.bss%z13        0x00000000        0x0
 .bss           0x00000000        0x0 ..\src\config\default\X2CCode\X2CModel\Library\Math\Controller\lib\libCortexM4-ATSAM_Math.a(uAdd_FiP16.o)

.bss%z14        0x00000000        0x0
 .bss           0x00000000        0x0 ..\src\config\default\X2CCode\X2CModel\Library\Math\Controller\lib\libCortexM4-ATSAM_Math.a(Sum_Float32.o)

.bss%z15        0x00000000        0x0
 .bss           0x00000000        0x0 ..\src\config\default\X2CCode\X2CModel\Library\Math\Controller\lib\libCortexM4-ATSAM_Math.a(Sub_FiP16.o)

.bss%z16        0x00000000        0x0
 .bss           0x00000000        0x0 ..\src\config\default\X2CCode\X2CModel\Library\Math\Controller\lib\libCortexM4-ATSAM_Math.a(Sign_FiP16.o)

.bss%z17        0x00000000        0x0
 .bss           0x00000000        0x0 ..\src\config\default\X2CCode\X2CModel\Library\Math\Controller\lib\libCortexM4-ATSAM_Math.a(Negation_FiP16.o)

.bss%z18        0x00000000        0x0
 .bss           0x00000000        0x0 ..\src\config\default\X2CCode\X2CModel\Library\Math\Controller\lib\libCortexM4-ATSAM_Math.a(Mult_Float32.o)

.bss%z19        0x00000000        0x0
 .bss           0x00000000        0x0 ..\src\config\default\X2CCode\X2CModel\Library\Math\Controller\lib\libCortexM4-ATSAM_Math.a(Mult_FiP16.o)

.bss%z20        0x00000000        0x0
 .bss           0x00000000        0x0 ..\src\config\default\X2CCode\X2CModel\Library\Math\Controller\lib\libCortexM4-ATSAM_Math.a(Average_FiP16.o)

.bss%z21        0x00000000        0x0
 .bss           0x00000000        0x0 ..\src\config\default\X2CCode\X2CModel\Library\Math\Controller\lib\libCortexM4-ATSAM_Math.a(Add_FiP16.o)

.bss%z22        0x00000000        0x0
 .bss           0x00000000        0x0 ..\src\config\default\X2CCode\X2CModel\Library\Math\Controller\lib\libCortexM4-ATSAM_Math.a(Abs_FiP16.o)

.bss%z23        0x00000000        0x0
 .bss           0x00000000        0x0 ..\src\config\default\X2CCode\X2CModel\Library\General\Controller\lib\libCortexM4-ATSAM_General.a(TypeConv_FiP16_Bool.o)

.bss%z24        0x00000000        0x0
 .bss           0x00000000        0x0 ..\src\config\default\X2CCode\X2CModel\Library\General\Controller\lib\libCortexM4-ATSAM_General.a(TypeConv_Bool_FiP16.o)

.bss%z25        0x00000000        0x0
 .bss           0x00000000        0x0 ..\src\config\default\X2CCode\X2CModel\Library\General\Controller\lib\libCortexM4-ATSAM_General.a(SinGen_FiP16.o)

.bss%z26        0x00000000        0x0
 .bss           0x00000000        0x0 ..\src\config\default\X2CCode\X2CModel\Library\General\Controller\lib\libCortexM4-ATSAM_General.a(Sequencer_FiP16.o)

.bss%z27        0x00000000        0x0
 .bss           0x00000000        0x0 ..\src\config\default\X2CCode\X2CModel\Library\General\Controller\lib\libCortexM4-ATSAM_General.a(Selector_FiP16.o)

.bss%z28        0x00000000        0x0
 .bss           0x00000000        0x0 ..\src\config\default\X2CCode\X2CModel\Library\General\Controller\lib\libCortexM4-ATSAM_General.a(SaveSignal_Float32.o)

.bss%z29        0x00000000        0x0
 .bss           0x00000000        0x0 ..\src\config\default\X2CCode\X2CModel\Library\General\Controller\lib\libCortexM4-ATSAM_General.a(Saturation_FiP16.o)

.bss%z30        0x00000000        0x0
 .bss           0x00000000        0x0 ..\src\config\default\X2CCode\X2CModel\Library\General\Controller\lib\libCortexM4-ATSAM_General.a(Real2Int_Float32_FiP8.o)

.bss%z31        0x00000000        0x0
 .bss           0x00000000        0x0 ..\src\config\default\X2CCode\X2CModel\Library\General\Controller\lib\libCortexM4-ATSAM_General.a(RateLimiter_FiP16.o)

.bss%z32        0x00000000        0x0
 .bss           0x00000000        0x0 ..\src\config\default\X2CCode\X2CModel\Library\General\Controller\lib\libCortexM4-ATSAM_General.a(Not_Bool.o)

.bss%z33        0x00000000        0x0
 .bss           0x00000000        0x0 ..\src\config\default\X2CCode\X2CModel\Library\General\Controller\lib\libCortexM4-ATSAM_General.a(ManualSwitch_FiP16.o)

.bss%z34        0x00000000        0x0
 .bss           0x00000000        0x0 ..\src\config\default\X2CCode\X2CModel\Library\General\Controller\lib\libCortexM4-ATSAM_General.a(ManualSwitch_Bool.o)

.bss%z35        0x00000000        0x0
 .bss           0x00000000        0x0 ..\src\config\default\X2CCode\X2CModel\Library\General\Controller\lib\libCortexM4-ATSAM_General.a(LookupTable_FiP16.o)

.bss%z36        0x00000000        0x0
 .bss           0x00000000        0x0 ..\src\config\default\X2CCode\X2CModel\Library\General\Controller\lib\libCortexM4-ATSAM_General.a(Int2Real_FiP16_Float32.o)

.bss%z37        0x00000000        0x0
 .bss           0x00000000        0x0 ..\src\config\default\X2CCode\X2CModel\Library\General\Controller\lib\libCortexM4-ATSAM_General.a(Gain_Float32.o)

.bss%z38        0x00000000        0x0
 .bss           0x00000000        0x0 ..\src\config\default\X2CCode\X2CModel\Library\General\Controller\lib\libCortexM4-ATSAM_General.a(Gain_FiP16.o)

.bss%z39        0x00000000        0x0
 .bss           0x00000000        0x0 ..\src\config\default\X2CCode\X2CModel\Library\General\Controller\lib\libCortexM4-ATSAM_General.a(Constant_Float32.o)

.bss%z40        0x00000000        0x0
 .bss           0x00000000        0x0 ..\src\config\default\X2CCode\X2CModel\Library\General\Controller\lib\libCortexM4-ATSAM_General.a(Constant_FiP16.o)

.bss%z41        0x00000000        0x0
 .bss           0x00000000        0x0 ..\src\config\default\X2CCode\X2CModel\Library\General\Controller\lib\libCortexM4-ATSAM_General.a(Constant_Bool.o)

.bss%z42        0x00000000        0x0
 .bss           0x00000000        0x0 ..\src\config\default\X2CCode\X2CModel\Library\General\Controller\lib\libCortexM4-ATSAM_General.a(AutoSwitch_FiP16.o)

.bss%z43        0x00000000        0x0
 .bss           0x00000000        0x0 ..\src\config\default\X2CCode\X2CModel\Library\Control\Controller\lib\libCortexM4-ATSAM_Control.a(PI_FiP16.o)

.bss%z44        0x00000000        0x0
 .bss           0x00000000        0x0 ..\src\config\default\X2CCode\X2CModel\Library\Control\Controller\lib\libCortexM4-ATSAM_Control.a(PILimit_FiP16.o)

.bss%z45        0x00000000        0x0
 .bss           0x00000000        0x0 build/default/debug/_ext/1171490990/libc_syscalls.o

.bss%z46        0x00000000        0x0
 .bss           0x00000000        0x0 build/default/debug/_ext/1171490990/exceptions.o

.bss%z47        0x00000000        0x0
 .bss           0x00000000        0x0 build/default/debug/_ext/1171490990/interrupts.o

.bss%z48        0x00000000        0x0
 .bss           0x00000000        0x0 build/default/debug/_ext/1171490990/initialization.o

.bss%z49        0x00000000        0x0
 .bss           0x00000000        0x0 build/default/debug/_ext/1171490990/startup_xc32.o

.bss%z50        0x00000000        0x0
 .bss           0x00000000        0x0 build/default/debug/_ext/546984198/FlashTable.o

.bss%z51        0x00000000        0x0
 .bss           0x00000000        0x0 build/default/debug/_ext/546984198/CommunicationUart.o

.bss%z52        0x00000000        0x0
 .bss           0x00000000        0x0 build/default/debug/_ext/630304036/BlockServices.o

.bss%z53        0x00000000        0x0
 .bss           0x00000000        0x0 build/default/debug/_ext/2032521757/SerialGeneric.o

.bss%z54        0x00000000        0x0
 .bss           0x00000000        0x0 build/default/debug/_ext/1455229975/TableStruct.o

.bss%z55        0x00000000        0x0
 .bss           0x00000000        0x0 build/default/debug/_ext/1455229975/Sqrt_Data.o

.bss%z56        0x00000000        0x0
 .bss           0x00000000        0x0 build/default/debug/_ext/1455229975/Sin_Data.o

.bss%z57        0x00000000        0x0
 .bss           0x00000000        0x0 build/default/debug/_ext/1455229975/Sin2_Data.o

.bss%z58        0x00000000        0x0
 .bss           0x00000000        0x0 build/default/debug/_ext/1455229975/Exp_Data.o

.bss%z59        0x00000000        0x0
 .bss           0x00000000        0x0 build/default/debug/_ext/1455229975/CommonFcts.o

.bss%z60        0x00000000        0x0
 .bss           0x00000000        0x0 build/default/debug/_ext/1455229975/Atan_Data.o

.bss%z61        0x00000000        0x0
 .bss           0x00000000        0x0 build/default/debug/_ext/163028504/xc32_monitor.o

.bss%z62        0x00000000        0x0
 .bss           0x00000000        0x0 build/default/debug/_ext/504274921/plib_sercom2_usart.o

.bss%z63        0x00000000        0x0
 .bss           0x00000000        0x0 build/default/debug/_ext/1865521619/plib_port.o

.bss%z64        0x00000000        0x0
 .bss           0x00000000        0x0 build/default/debug/_ext/1865510628/plib_pdec.o

.bss%z65        0x00000000        0x0
 .bss           0x00000000        0x0 build/default/debug/_ext/1865468468/plib_nvic.o

.bss%z66        0x00000000        0x0
 .bss           0x00000000        0x0 build/default/debug/_ext/1986646378/plib_evsys.o

.bss%z67        0x00000000        0x0
 .bss           0x00000000        0x0 build/default/debug/_ext/60167341/plib_eic.o

.bss%z68        0x00000000        0x0
 .bss           0x00000000        0x0 build/default/debug/_ext/1865131932/plib_cmcc.o

.bss%z69        0x00000000        0x0
 .bss           0x00000000        0x0 build/default/debug/_ext/1984496892/plib_clock.o

.bss%z70        0x00000000        0x0
 .bss           0x00000000        0x0 build/default/debug/_ext/60163342/plib_adc1.o

.bss%z71        0x00000000        0x0
 .bss           0x00000000        0x0 build/default/debug/_ext/1434821282/bsp.o

.bss%z72        0x00000000        0x0
 .bss           0x00000000        0x0 c:/program files/microchip/xc32/v4.35/bin/bin/../../lib/gcc/pic32c/8.3.1/thumb/v7e-m+fp/hard/crti.o

.data%17        0x20001ef4        0x4
 .data          0x20001ef4        0x4 c:/program files/microchip/xc32/v4.35/bin/bin/../../lib/gcc/pic32c/8.3.1/thumb/v7e-m+fp/hard/crtbegin.o
                0x20001ef4                __dso_handle

.data%18        0x20001ef8        0x4
 .data          0x20001ef8        0x4 build/default/debug/_ext/546984198/ConfigX2C.o
                0x20001ef8                TableStruct

.eh_frame%19    0x20001efc        0x4
 .eh_frame      0x20001efc        0x4 c:/program files/microchip/xc32/v4.35/bin/bin/../../lib/gcc/pic32c/8.3.1/thumb/v7e-m+fp/hard/crtend.o

.data%20        0x20001f00        0x2
 .data          0x20001f00        0x2 build/default/debug/_ext/546984198/X2C.o

.data%21        0x20001e8f        0x1
 .data          0x20001e8f        0x1 build/default/debug/_ext/546984198/PortConfigX2C.o

.data%z73       0x00000000        0x0
 .data          0x00000000        0x0 c:/program files/microchip/xc32/v4.35/bin/bin/../../lib/gcc/pic32c/8.3.1/../../../../pic32c/lib/thumb/v7e-m+fp/hard\libpic32c.a(pic32_data_init_copy.o)

.data%z74       0x00000000        0x0
 .data          0x00000000        0x0 c:/program files/microchip/xc32/v4.35/bin/bin/../../lib/gcc/pic32c/8.3.1/../../../../pic32c/lib/thumb/v7e-m+fp/hard\libpic32c.a(pic32_data_init_clear.o)

.data%z75       0x00000000        0x0
 .data          0x00000000        0x0 c:/program files/microchip/xc32/v4.35/bin/bin/../../lib/gcc/pic32c/8.3.1/thumb/v7e-m+fp/hard/crtn.o

.data%z76       0x00000000        0x0
 .data          0x00000000        0x0 c:/program files/microchip/xc32/v4.35/bin/bin/../../lib/gcc/pic32c/8.3.1/thumb/v7e-m+fp/hard/crtend.o

.data%z77       0x00000000        0x0
 .data          0x00000000        0x0 c:/program files/microchip/xc32/v4.35/bin/bin/../../lib/gcc/pic32c/8.3.1/thumb/v7e-m+fp/hard\libgcc.a(_dvmd_tls.o)

.data%z78       0x00000000        0x0
 .data          0x00000000        0x0 c:/program files/microchip/xc32/v4.35/bin/bin/../../lib/gcc/pic32c/8.3.1/thumb/v7e-m+fp/hard\libgcc.a(_udivmoddi4.o)

.data%z79       0x00000000        0x0
 .data          0x00000000        0x0 c:/program files/microchip/xc32/v4.35/bin/bin/../../lib/gcc/pic32c/8.3.1/thumb/v7e-m+fp/hard\libgcc.a(_aeabi_uldivmod.o)

.data%z80       0x00000000        0x0
 .data          0x00000000        0x0 c:/program files/microchip/xc32/v4.35/bin/bin/../../lib/gcc/pic32c/8.3.1/thumb/v7e-m+fp/hard\libgcc.a(_aeabi_ldivmod.o)

.data%z81       0x00000000        0x0
 .data          0x00000000        0x0 c:/program files/microchip/xc32/v4.35/bin/bin/../../lib/gcc/pic32c/8.3.1/../../../../pic32c/lib/thumb/v7e-m+fp/hard\libg-musl.a(__environ.o)

.data%z82       0x00000000        0x0
 .data          0x00000000        0x0 c:/program files/microchip/xc32/v4.35/bin/bin/../../lib/gcc/pic32c/8.3.1/../../../../pic32c/lib/thumb/v7e-m+fp/hard\libg-musl.a(memcpy.o)

.data%z83       0x00000000        0x0
 .data          0x00000000        0x0 c:/program files/microchip/xc32/v4.35/bin/bin/../../lib/gcc/pic32c/8.3.1/../../../../pic32c/lib/thumb/v7e-m+fp/hard\libg-musl.a(libc.o)

.data%z84       0x00000000        0x0
 .data          0x00000000        0x0 c:/program files/microchip/xc32/v4.35/bin/bin/../../lib/gcc/pic32c/8.3.1/../../../../pic32c/lib/thumb/v7e-m+fp/hard\libg-musl.a(__libc_start_main.o)

.data%z85       0x00000000        0x0
 .data          0x00000000        0x0 c:/program files/microchip/xc32/v4.35/bin/bin/../../lib/gcc/pic32c/8.3.1/../../../../pic32c/lib/thumb/v7e-m+fp/hard\libpic32c.a(data_init.o)

.data%z86       0x00000000        0x0
 .data          0x00000000        0x0 ..\src\config\default\X2CCode\X2CModel\Library\MCHP\Controller\lib\libCortexM4-ATSAM_MCHP.a(Clarke_Park_MCHP_FiP16.o)

.data%z87       0x00000000        0x0
 .data          0x00000000        0x0 ..\src\config\default\X2CCode\X2CModel\Library\MCHP\Controller\lib\libCortexM4-ATSAM_MCHP.a(Park_Clarke_inv_SVM_MCHP_FiP16.o)

.data%z88       0x00000000        0x0
 .data          0x00000000        0x0 ..\src\config\default\X2CCode\X2CModel\Library\Math\Controller\lib\libCortexM4-ATSAM_Math.a(uAdd_FiP16.o)

.data%z89       0x00000000        0x0
 .data          0x00000000        0x0 ..\src\config\default\X2CCode\X2CModel\Library\Math\Controller\lib\libCortexM4-ATSAM_Math.a(Sum_Float32.o)

.data%z90       0x00000000        0x0
 .data          0x00000000        0x0 ..\src\config\default\X2CCode\X2CModel\Library\Math\Controller\lib\libCortexM4-ATSAM_Math.a(Sub_FiP16.o)

.data%z91       0x00000000        0x0
 .data          0x00000000        0x0 ..\src\config\default\X2CCode\X2CModel\Library\Math\Controller\lib\libCortexM4-ATSAM_Math.a(Sign_FiP16.o)

.data%z92       0x00000000        0x0
 .data          0x00000000        0x0 ..\src\config\default\X2CCode\X2CModel\Library\Math\Controller\lib\libCortexM4-ATSAM_Math.a(Negation_FiP16.o)

.data%z93       0x00000000        0x0
 .data          0x00000000        0x0 ..\src\config\default\X2CCode\X2CModel\Library\Math\Controller\lib\libCortexM4-ATSAM_Math.a(Mult_Float32.o)

.data%z94       0x00000000        0x0
 .data          0x00000000        0x0 ..\src\config\default\X2CCode\X2CModel\Library\Math\Controller\lib\libCortexM4-ATSAM_Math.a(Mult_FiP16.o)

.data%z95       0x00000000        0x0
 .data          0x00000000        0x0 ..\src\config\default\X2CCode\X2CModel\Library\Math\Controller\lib\libCortexM4-ATSAM_Math.a(Average_FiP16.o)

.data%z96       0x00000000        0x0
 .data          0x00000000        0x0 ..\src\config\default\X2CCode\X2CModel\Library\Math\Controller\lib\libCortexM4-ATSAM_Math.a(Add_FiP16.o)

.data%z97       0x00000000        0x0
 .data          0x00000000        0x0 ..\src\config\default\X2CCode\X2CModel\Library\Math\Controller\lib\libCortexM4-ATSAM_Math.a(Abs_FiP16.o)
